<html>
<body>
<pre>
<h1>µVision Build Log</h1>
<h2>Tool Versions:</h2>
IDE-Version: µVision V5.36.0.0
Copyright (C) 2021 ARM Ltd and ARM Germany GmbH. All rights reserved.
License Information: diego marting, ephec, LIC=----
 
Tool Versions:
Toolchain:       MDK-Lite  Version: 5.36.0.0
Toolchain Path:  C:\Keil_v5\ARM\ARMCC\Bin
C Compiler:      Armcc.exe V5.06 update 7 (build 960)
Assembler:       Armasm.exe V5.06 update 7 (build 960)
Linker/Locator:  ArmLink.exe V5.06 update 7 (build 960)
Library Manager: ArmAr.exe V5.06 update 7 (build 960)
Hex Converter:   FromElf.exe V5.06 update 7 (build 960)
CPU DLL:         SARMCM3.DLL V5.36.0.0
Dialog DLL:      DCM.DLL V1.17.3.0
Target DLL:      Segger\JL2CM3.dll V2.99.40.0
Dialog DLL:      TCM.DLL V1.53.0.0
 
<h2>Project:</h2>
C:\Users\dmart\OneDrive\Bureau\AmbiqSuite_R3.0.0\boards\apollo3_evb\examples\hello_world_uart\keil\hello_world_uart.uvprojx
Project File Date:  05/05/2022

<h2>Output:</h2>
*** Using Compiler 'V5.06 update 7 (build 960)', folder: 'C:\Keil_v5\ARM\ARMCC\Bin'
Build target 'hello_world_uart'
compiling startup_keil.s...
compiling hello_world_uart.c...
linking...
Program Size: Code=10292 RO-data=1196 RW-data=116 ZI-data=7580  
After Build - User command #1: fromelf --bin --output bin\hello_world_uart.bin bin\hello_world_uart.axf
After Build - User command #2: fromelf -cedrst --output bin\hello_world_uart.txt bin\hello_world_uart.axf
".\bin\hello_world_uart.axf" - 0 Error(s), 0 Warning(s).

<h2>Software Packages used:</h2>

Package Vendor: AmbiqMicro
                http://s3.asia.ambiqmicro.com/pack/AmbiqMicro.Apollo_DFP.1.2.0.pack
                AmbiqMicro.Apollo_DFP.1.2.0
                Ambiq Micro Apollo Series Device Support

<h2>Collection of Component include folders:</h2>
  C:\Users\dmart\AppData\Local\Arm\Packs\AmbiqMicro\Apollo_DFP\1.2.0\Device\Include

<h2>Collection of Component Files used:</h2>
Build Time Elapsed:  00:00:01
</pre>
</body>
</html>
