<html>
<body>
<pre>
<h1>µVision Build Log</h1>
<h2>Tool Versions:</h2>
IDE-Version: µVision V5.36.0.0
Copyright (C) 2021 ARM Ltd and ARM Germany GmbH. All rights reserved.
License Information: diego Admin, HP Inc., LIC=----
 
Tool Versions:
Toolchain:       MDK-Lite  Version: 5.36.0.0
Toolchain Path:  C:\Keil_v5\ARM\ARMCC\Bin
C Compiler:      Armcc.exe V5.06 update 7 (build 960)
Assembler:       Armasm.exe V5.06 update 7 (build 960)
Linker/Locator:  ArmLink.exe V5.06 update 7 (build 960)
Library Manager: ArmAr.exe V5.06 update 7 (build 960)
Hex Converter:   FromElf.exe V5.06 update 7 (build 960)
CPU DLL:         SARMCM3.DLL V5.36.0.0
Dialog DLL:      DCM.DLL V1.17.3.0
Target DLL:      Segger\JL2CM3.dll V2.99.40.0
Dialog DLL:      TCM.DLL V1.53.0.0
 
<h2>Project:</h2>
C:\Users\dmarting\Desktop\Apollo3Blue_SoftwareExamples-master\ama3bevb_uart_example\example\arm\ama3bevb_uart_example.uvprojx
Project File Date:  05/19/2022

<h2>Output:</h2>
*** Using Compiler 'V5.06 update 7 (build 960)', folder: 'C:\Keil_v5\ARM\ARMCC\Bin'
Build target 'AMA3B1KK-KBR_Release'
compiling main.c...
..\..\example\source\config\RTE_Device.h(82): warning:  #1215-D: #warning directive: Please select your device here or in the compiler defines section (default set):
  #warning Please select your device here or in the compiler defines section (default set):
   ^
..\..\common\apollo3.h(14867): warning:  #1134-D: literal treated as "long long"
    CLKGEN_CLOCKENSTAT_CLOCKENSTAT_IOMSTRIFC0_CLKEN = -2147483648,/*!< IOMSTRIFC0_CLKEN : Clock enable for the IOMSTRIFC0        */
..\..\common\apollo3.h(14890): warning:  #1134-D: literal treated as "long long"
    CLKGEN_CLOCKEN2STAT_CLOCKEN2STAT_FORCEHFRC = -2147483648,/*!< FORCEHFRC : HFRC is forced on Status.                          */
..\..\common\apollo3.h(14905): warning:  #1134-D: literal treated as "long long"
    CLKGEN_CLOCKEN3STAT_CLOCKEN3STAT_flashclk_en = -2147483648,/*!< flashclk_en : Flash clk is enabled [31]                      */
..\source\main.c(319): warning:  #111-D: statement is unreachable
      return 0;
..\source\main.c: 5 warnings, 0 errors
linking...
Program Size: Code=1808 RO-data=224 RW-data=8 ZI-data=3168  
FromELF: creating hex file...
".\output\release\ama3bevb_uart_example.axf" - 0 Error(s), 5 Warning(s).

<h2>Software Packages used:</h2>

Package Vendor: AmbiqMicro
                http://s3.asia.ambiqmicro.com/pack/AmbiqMicro.Apollo_DFP.1.2.0.pack
                AmbiqMicro.Apollo_DFP.1.2.0
                Ambiq Micro Apollo Series Device Support

<h2>Collection of Component include folders:</h2>
  C:\Users\palladmin\AppData\Local\Arm\Packs\AmbiqMicro\Apollo_DFP\1.2.0\Device\Include

<h2>Collection of Component Files used:</h2>
Build Time Elapsed:  00:00:01
</pre>
</body>
</html>
