Component: ARM Compiler 5.06 update 7 (build 960) Tool: armlink [4d3601]

==============================================================================

Section Cross References

    hello_world_uart.o(i.am_uart_isr) refers to am_hal_uart.o(i.am_hal_uart_interrupt_status_get) for am_hal_uart_interrupt_status_get
    hello_world_uart.o(i.am_uart_isr) refers to am_hal_uart.o(i.am_hal_uart_interrupt_clear) for am_hal_uart_interrupt_clear
    hello_world_uart.o(i.am_uart_isr) refers to am_hal_uart.o(i.am_hal_uart_interrupt_service) for am_hal_uart_interrupt_service
    hello_world_uart.o(i.am_uart_isr) refers to hello_world_uart.o(.data) for phUART
    hello_world_uart.o(i.error_handler) refers to hello_world_uart.o(.data) for ui32LastError
    hello_world_uart.o(i.main) refers to am_hal_clkgen.o(i.am_hal_clkgen_control) for am_hal_clkgen_control
    hello_world_uart.o(i.main) refers to am_hal_cachectrl.o(i.am_hal_cachectrl_config) for am_hal_cachectrl_config
    hello_world_uart.o(i.main) refers to am_hal_cachectrl.o(i.am_hal_cachectrl_enable) for am_hal_cachectrl_enable
    hello_world_uart.o(i.main) refers to am_bsp.o(i.am_bsp_low_power_init) for am_bsp_low_power_init
    hello_world_uart.o(i.main) refers to am_hal_uart.o(i.am_hal_uart_initialize) for am_hal_uart_initialize
    hello_world_uart.o(i.main) refers to hello_world_uart.o(i.error_handler) for error_handler
    hello_world_uart.o(i.main) refers to am_hal_uart.o(i.am_hal_uart_power_control) for am_hal_uart_power_control
    hello_world_uart.o(i.main) refers to am_hal_uart.o(i.am_hal_uart_control) for am_hal_uart_control
    hello_world_uart.o(i.main) refers to am_hal_uart.o(i.am_hal_uart_configure) for am_hal_uart_configure
    hello_world_uart.o(i.main) refers to am_hal_gpio.o(i.am_hal_gpio_pinconfig) for am_hal_gpio_pinconfig
    hello_world_uart.o(i.main) refers to am_hal_interrupt.o(.emb_text) for am_hal_interrupt_master_enable
    hello_world_uart.o(i.main) refers to am_util_stdio.o(i.am_util_stdio_printf_init) for am_util_stdio_printf_init
    hello_world_uart.o(i.main) refers to am_util_stdio.o(i.am_util_stdio_terminal_clear) for am_util_stdio_terminal_clear
    hello_world_uart.o(i.main) refers to am_util_stdio.o(i.am_util_stdio_printf) for am_util_stdio_printf
    hello_world_uart.o(i.main) refers to am_util_delay.o(i.am_util_delay_ms) for am_util_delay_ms
    hello_world_uart.o(i.main) refers to am_hal_cachectrl.o(.constdata) for am_hal_cachectrl_defaults
    hello_world_uart.o(i.main) refers to hello_world_uart.o(.data) for phUART
    hello_world_uart.o(i.main) refers to hello_world_uart.o(.constdata) for g_sUartConfig
    hello_world_uart.o(i.main) refers to am_bsp_pins.o(.constdata) for g_AM_BSP_GPIO_COM_UART_TX
    hello_world_uart.o(i.main) refers to am_bsp_pins.o(.constdata) for g_AM_BSP_GPIO_COM_UART_RX
    hello_world_uart.o(i.main) refers to hello_world_uart.o(i.uart_print) for uart_print
    hello_world_uart.o(i.uart_print) refers to rt_memclr_w.o(.text) for __aeabi_memclr4
    hello_world_uart.o(i.uart_print) refers to am_hal_uart.o(i.am_hal_uart_transfer) for am_hal_uart_transfer
    hello_world_uart.o(i.uart_print) refers to hello_world_uart.o(i.error_handler) for error_handler
    hello_world_uart.o(i.uart_print) refers to hello_world_uart.o(.data) for phUART
    hello_world_uart.o(.constdata) refers to hello_world_uart.o(.bss) for g_pui8TxBuffer
    hello_world_uart.o(.constdata) refers to hello_world_uart.o(.data) for g_pui8RxBuffer
    am_util_delay.o(i.am_util_delay_cycles) refers to am_hal_flash.o(i.am_hal_flash_delay) for am_hal_flash_delay
    am_util_delay.o(i.am_util_delay_ms) refers to am_hal_clkgen.o(i.am_hal_clkgen_status_get) for am_hal_clkgen_status_get
    am_util_delay.o(i.am_util_delay_ms) refers to am_hal_flash.o(i.am_hal_flash_delay) for am_hal_flash_delay
    am_util_delay.o(i.am_util_delay_us) refers to am_hal_clkgen.o(i.am_hal_clkgen_status_get) for am_hal_clkgen_status_get
    am_util_delay.o(i.am_util_delay_us) refers to am_hal_flash.o(i.am_hal_flash_delay) for am_hal_flash_delay
    am_util_faultisr.o(.emb_text) refers to am_util_faultisr.o(i.am_util_faultisr_collect_data) for am_util_faultisr_collect_data
    am_util_faultisr.o(i.am_util_faultisr_collect_data) refers to rt_memclr_w.o(.text) for __aeabi_memclr4
    am_util_faultisr.o(i.am_util_faultisr_collect_data) refers to am_util_faultisr.o(.emb_text) for getStackedReg
    am_util_faultisr.o(i.am_util_faultisr_collect_data) refers to am_hal_mcuctrl.o(i.am_hal_mcuctrl_info_get) for am_hal_mcuctrl_info_get
    am_util_id.o(i.am_util_id_device) refers to am_hal_mcuctrl.o(i.am_hal_mcuctrl_info_get) for am_hal_mcuctrl_info_get
    am_util_id.o(i.am_util_id_device) refers to am_util_id.o(i.revmaj_get) for revmaj_get
    am_util_id.o(i.am_util_id_device) refers to am_util_id.o(i.chiprev_set) for chiprev_set
    am_util_id.o(i.am_util_id_device) refers to am_util_id.o(.constdata) for g_ui8DeviceNameUnknown
[...]
    _get_argv_nomalloc.o(.text) refers to sys_command.o(.text) for _sys_command_string
    libshutdown.o(.ARM.Collect$$libshutdown$$00000000) refers (Special) to libshutdown2.o(.ARM.Collect$$libshutdown$$00000004) for __rt_lib_shutdown_cpp_1
    libshutdown.o(.ARM.Collect$$libshutdown$$00000000) refers (Special) to libshutdown2.o(.ARM.Collect$$libshutdown$$00000002) for __rt_lib_shutdown_fini_1
    libshutdown.o(.ARM.Collect$$libshutdown$$00000000) refers (Special) to libshutdown2.o(.ARM.Collect$$libshutdown$$00000009) for __rt_lib_shutdown_fp_trap_1
    libshutdown.o(.ARM.Collect$$libshutdown$$00000000) refers (Special) to libshutdown2.o(.ARM.Collect$$libshutdown$$00000011) for __rt_lib_shutdown_heap_1
    libshutdown.o(.ARM.Collect$$libshutdown$$00000000) refers (Special) to libshutdown2.o(.ARM.Collect$$libshutdown$$00000012) for __rt_lib_shutdown_return
    libshutdown.o(.ARM.Collect$$libshutdown$$00000000) refers (Special) to libshutdown2.o(.ARM.Collect$$libshutdown$$0000000C) for __rt_lib_shutdown_signal_1
    libshutdown.o(.ARM.Collect$$libshutdown$$00000000) refers (Special) to libshutdown2.o(.ARM.Collect$$libshutdown$$00000006) for __rt_lib_shutdown_stdio_1
    libshutdown.o(.ARM.Collect$$libshutdown$$00000000) refers (Special) to libshutdown2.o(.ARM.Collect$$libshutdown$$0000000E) for __rt_lib_shutdown_user_alloc_1
    sys_command.o(.text) refers (Special) to use_no_semi.o(.text) for __I$use$semihosting
    sys_command.o(.text) refers (Special) to indicate_semi.o(.text) for __semihosting_library_function
    defsig_rtmem_outer.o(.text) refers to defsig_rtmem_inner.o(.text) for __rt_SIGRTMEM_inner
    defsig_rtmem_outer.o(.text) refers to defsig_exit.o(.text) for __sig_exit
    defsig_rtmem_formal.o(.text) refers to rt_raise.o(.text) for __rt_raise
    rt_raise.o(.text) refers to __raise.o(.text) for __raise
    rt_raise.o(.text) refers to sys_exit.o(.text) for _sys_exit
    defsig_exit.o(.text) refers to sys_exit.o(.text) for _sys_exit
    defsig_rtmem_inner.o(.text) refers to defsig_general.o(.text) for __default_signal_display
    __raise.o(.text) refers to defsig.o(CL$$defsig) for __default_signal_handler
    defsig_general.o(.text) refers to sys_wrch.o(.text) for _ttywrch
    sys_wrch.o(.text) refers (Special) to use_no_semi.o(.text) for __I$use$semihosting
    sys_wrch.o(.text) refers (Special) to indicate_semi.o(.text) for __semihosting_library_function
    defsig.o(CL$$defsig) refers to defsig_rtmem_inner.o(.text) for __rt_SIGRTMEM_inner
    defsig_abrt_inner.o(.text) refers to defsig_general.o(.text) for __default_signal_display
    defsig_fpe_inner.o(.text) refers to defsig_general.o(.text) for __default_signal_display
    defsig_rtred_inner.o(.text) refers to defsig_general.o(.text) for __default_signal_display
    defsig_stak_inner.o(.text) refers to defsig_general.o(.text) for __default_signal_display
    defsig_pvfn_inner.o(.text) refers to defsig_general.o(.text) for __default_signal_display
    defsig_cppl_inner.o(.text) refers to defsig_general.o(.text) for __default_signal_display
    defsig_segv_inner.o(.text) refers to defsig_general.o(.text) for __default_signal_display
    defsig_other.o(.text) refers to defsig_general.o(.text) for __default_signal_display


==============================================================================

Removing Unused input sections from the image.

    Removing hello_world_uart.o(.rev16_text), (4 bytes).
    Removing hello_world_uart.o(.revsh_text), (4 bytes).
    Removing hello_world_uart.o(.rrx_text), (6 bytes).
    Removing am_util_delay.o(.rev16_text), (4 bytes).
    Removing am_util_delay.o(.revsh_text), (4 bytes).
    Removing am_util_delay.o(.rrx_text), (6 bytes).
    Removing am_util_delay.o(i.am_util_delay_cycles), (12 bytes).
    Removing am_util_delay.o(i.am_util_delay_us), (36 bytes).
    Removing am_util_faultisr.o(.rev16_text), (4 bytes).
    Removing am_util_faultisr.o(.revsh_text), (4 bytes).
    Removing am_util_faultisr.o(.rrx_text), (6 bytes).
    Removing am_util_id.o(.rev16_text), (4 bytes).
    Removing am_util_id.o(.revsh_text), (4 bytes).
    Removing am_util_id.o(.rrx_text), (6 bytes).
    Removing am_util_id.o(i.am_util_id_device), (124 bytes).
    Removing am_util_id.o(i.chiprev_set), (34 bytes).
    Removing am_util_id.o(i.revmaj_get), (12 bytes).
    Removing am_util_id.o(.constdata), (38 bytes).
    Removing am_util_stdio.o(i.am_util_stdio_snprintf), (38 bytes).
    Removing am_util_stdio.o(i.am_util_stdio_sprintf), (34 bytes).
    Removing am_util_stdio.o(i.am_util_stdio_strtoul), (146 bytes).
    Removing am_util_stdio.o(i.am_util_stdio_textmode_set), (16 bytes).
    Removing am_util_stdio.o(i.am_util_stdio_vprintf), (48 bytes).
    Removing am_util_stdio.o(i.am_util_stdio_vsnprintf), (68 bytes).
    Removing am_hal_global.o(.rev16_text), (4 bytes).
    Removing am_hal_global.o(.revsh_text), (4 bytes).
    Removing am_hal_global.o(.rrx_text), (6 bytes).
    Removing am_hal_global.o(.emb_text), (28 bytes).
    Removing am_hal_global.o(.constdata), (14 bytes).
    Removing am_hal_global.o(.constdata), (4 bytes).
    Removing am_hal_cachectrl.o(.rev16_text), (4 bytes).
    Removing am_hal_cachectrl.o(.revsh_text), (4 bytes).
    Removing am_hal_cachectrl.o(.rrx_text), (6 bytes).
    Removing am_hal_cachectrl.o(i.am_hal_cachectrl_disable), (40 bytes).
    Removing am_hal_cachectrl.o(i.am_hal_cachectrl_status_get), (40 bytes).
    Removing am_hal_clkgen.o(.rev16_text), (4 bytes).
    Removing am_hal_clkgen.o(.revsh_text), (4 bytes).
    Removing am_hal_clkgen.o(.rrx_text), (6 bytes).
    Removing am_hal_clkgen.o(i.am_hal_clkgen_clkout_enable), (60 bytes).
    Removing am_hal_clkgen.o(i.am_hal_clkgen_interrupt_clear), (22 bytes).
    Removing am_hal_clkgen.o(i.am_hal_clkgen_interrupt_disable), (30 bytes).
    Removing am_hal_clkgen.o(i.am_hal_clkgen_interrupt_enable), (28 bytes).
    Removing am_hal_clkgen.o(i.am_hal_clkgen_interrupt_set), (22 bytes).
    Removing am_hal_clkgen.o(i.am_hal_clkgen_interrupt_status_get), (32 bytes).
    Removing am_hal_flash.o(.rev16_text), (4 bytes).
    Removing am_hal_flash.o(.revsh_text), (4 bytes).
    Removing am_hal_flash.o(.rrx_text), (6 bytes).
    Removing am_hal_flash.o(i.am_hal_flash_clear_bits), (32 bytes).
    Removing am_hal_flash.o(i.am_hal_flash_copy_protect_check), (108 bytes).
    Removing am_hal_flash.o(i.am_hal_flash_copy_protect_set), (244 bytes).
    Removing am_hal_flash.o(i.am_hal_flash_customer_info_signature_check), (64 bytes).
    Removing am_hal_flash.o(i.am_hal_flash_debugger_disable), (60 bytes).
    Removing am_hal_flash.o(i.am_hal_flash_debugger_disable_check), (100 bytes).
    Removing am_hal_flash.o(i.am_hal_flash_delay_status_change), (80 bytes).
    Removing am_hal_flash.o(i.am_hal_flash_erase_info), (8 bytes).
    Removing am_hal_flash.o(i.am_hal_flash_erase_main_plus_info), (8 bytes).
    Removing am_hal_flash.o(i.am_hal_flash_erase_main_plus_info_both_instances), (8 bytes).
    Removing am_hal_flash.o(i.am_hal_flash_info_erase_disable), (60 bytes).
    Removing am_hal_flash.o(i.am_hal_flash_info_erase_disable_check), (100 bytes).
    Removing am_hal_flash.o(i.am_hal_flash_info_program_disable), (68 bytes).
    Removing am_hal_flash.o(i.am_hal_flash_info_program_disable_get), (100 bytes).
    Removing am_hal_flash.o(i.am_hal_flash_info_signature_set), (16 bytes).
    Removing am_hal_flash.o(i.am_hal_flash_mass_erase), (8 bytes).
    Removing am_hal_flash.o(i.am_hal_flash_page_erase), (8 bytes).
    Removing am_hal_flash.o(i.am_hal_flash_program_info), (96 bytes).
    Removing am_hal_flash.o(i.am_hal_flash_program_main), (84 bytes).
    Removing am_hal_flash.o(i.am_hal_flash_recovery), (44 bytes).
    Removing am_hal_flash.o(i.am_hal_flash_swo_disable), (60 bytes).
    Removing am_hal_flash.o(i.am_hal_flash_swo_disable_check), (100 bytes).
    Removing am_hal_flash.o(i.am_hal_flash_wipe_flash_enable), (60 bytes).
    Removing am_hal_flash.o(i.am_hal_flash_wipe_flash_enable_check), (100 bytes).
    Removing am_hal_flash.o(i.am_hal_flash_wipe_sram_enable), (60 bytes).
    Removing am_hal_flash.o(i.am_hal_flash_wipe_sram_enable_check), (100 bytes).
    Removing am_hal_flash.o(i.am_hal_flash_write_protect_check), (108 bytes).
    Removing am_hal_flash.o(i.am_hal_flash_write_protect_set), (244 bytes).
    Removing am_hal_flash.o(i.customer_info_signature_set), (152 bytes).
    Removing am_hal_flash.o(.constdata), (96 bytes).
    Removing am_hal_flash.o(.constdata), (4 bytes).
    Removing am_hal_gpio.o(.rev16_text), (4 bytes).
    Removing am_hal_gpio.o(.revsh_text), (4 bytes).
    Removing am_hal_gpio.o(.rrx_text), (6 bytes).
    Removing am_hal_gpio.o(i.am_hal_gpio_fast_pinconfig), (206 bytes).
    Removing am_hal_gpio.o(i.am_hal_gpio_interrupt_clear), (52 bytes).
    Removing am_hal_gpio.o(i.am_hal_gpio_interrupt_disable), (64 bytes).
    Removing am_hal_gpio.o(i.am_hal_gpio_interrupt_enable), (64 bytes).
    Removing am_hal_gpio.o(i.am_hal_gpio_interrupt_register), (32 bytes).
    Removing am_hal_gpio.o(i.am_hal_gpio_interrupt_register_adv), (44 bytes).
    Removing am_hal_gpio.o(i.am_hal_gpio_interrupt_service), (144 bytes).
    Removing am_hal_gpio.o(i.am_hal_gpio_interrupt_status_get), (84 bytes).
    Removing am_hal_gpio.o(i.am_hal_gpio_isgpio), (78 bytes).
    Removing am_hal_gpio.o(i.am_hal_gpio_isinput), (32 bytes).
    Removing am_hal_gpio.o(i.am_hal_gpio_state_read), (90 bytes).
    Removing am_hal_gpio.o(.bss), (400 bytes).
    Removing am_hal_gpio.o(.constdata), (4 bytes).
    Removing am_hal_gpio.o(.constdata), (4 bytes).
    Removing am_hal_gpio.o(.constdata), (4 bytes).
    Removing am_hal_gpio.o(.constdata), (4 bytes).
    Removing am_hal_gpio.o(.constdata), (4 bytes).
    Removing am_hal_gpio.o(.constdata), (4 bytes).
    Removing am_hal_gpio.o(.constdata), (4 bytes).
    Removing am_hal_gpio.o(.constdata), (4 bytes).
    Removing am_hal_gpio.o(.constdata), (4 bytes).
    Removing am_hal_gpio.o(.constdata), (4 bytes).
    Removing am_hal_gpio.o(.constdata), (4 bytes).
    Removing am_hal_interrupt.o(.rev16_text), (4 bytes).
    Removing am_hal_interrupt.o(.revsh_text), (4 bytes).
    Removing am_hal_interrupt.o(.rrx_text), (6 bytes).
    Removing am_hal_mcuctrl.o(.rev16_text), (4 bytes).
    Removing am_hal_mcuctrl.o(.revsh_text), (4 bytes).
    Removing am_hal_mcuctrl.o(.rrx_text), (6 bytes).
    Removing am_hal_mcuctrl.o(i.am_hal_mcuctrl_control), (340 bytes).
    Removing am_hal_mcuctrl.o(i.am_hal_mcuctrl_status_get), (76 bytes).
    Removing am_hal_uart.o(.rev16_text), (4 bytes).
    Removing am_hal_uart.o(.revsh_text), (4 bytes).
    Removing am_hal_uart.o(.rrx_text), (6 bytes).
    Removing am_hal_uart.o(i.am_hal_uart_deinitialize), (48 bytes).
    Removing am_hal_uart.o(i.am_hal_uart_fifo_read), (108 bytes).
    Removing am_hal_uart.o(i.am_hal_uart_fifo_write), (140 bytes).
    Removing am_hal_uart.o(i.am_hal_uart_flags_get), (60 bytes).
    Removing am_hal_uart.o(i.am_hal_uart_interrupt_disable), (56 bytes).
    Removing am_hal_uart.o(i.am_hal_uart_interrupt_enable), (52 bytes).
    Removing am_hal_uart.o(i.am_hal_uart_interrupt_enable_get), (52 bytes).
    Removing am_hal_uart.o(i.am_hal_uart_tx_flush), (92 bytes).
    Removing am_bsp.o(.rev16_text), (4 bytes).
    Removing am_bsp.o(.revsh_text), (4 bytes).
    Removing am_bsp.o(.rrx_text), (6 bytes).
    Removing am_bsp.o(i.am_bsp_buffered_uart_printf_enable), (92 bytes).
    Removing am_bsp.o(i.am_bsp_buffered_uart_service), (44 bytes).
    Removing am_bsp.o(i.am_bsp_com_uart_transfer), (16 bytes).
    Removing am_bsp.o(i.am_bsp_debug_printf_disable), (96 bytes).
    Removing am_bsp.o(i.am_bsp_debug_printf_enable), (224 bytes).
    Removing am_bsp.o(i.am_bsp_iom_pins_disable), (412 bytes).
    Removing am_bsp.o(i.am_bsp_iom_pins_enable), (600 bytes).
    Removing am_bsp.o(i.am_bsp_ios_pins_disable), (80 bytes).
    Removing am_bsp.o(i.am_bsp_ios_pins_enable), (108 bytes).
    Removing am_bsp.o(i.am_bsp_itm_printf_disable), (32 bytes).
    Removing am_bsp.o(i.am_bsp_itm_printf_enable), (60 bytes).
    Removing am_bsp.o(i.am_bsp_mspi_pins_disable), (492 bytes).
    Removing am_bsp.o(i.am_bsp_mspi_pins_enable), (520 bytes).
    Removing am_bsp.o(i.am_bsp_uart_printf_disable), (64 bytes).
    Removing am_bsp.o(i.am_bsp_uart_printf_enable), (84 bytes).
    Removing am_bsp.o(i.am_bsp_uart_string_print), (68 bytes).
    Removing am_bsp.o(.bss), (24 bytes).
    Removing am_bsp.o(.constdata), (60 bytes).
    Removing am_bsp.o(.data), (48 bytes).
    Removing am_bsp_pins.o(.rev16_text), (4 bytes).
    Removing am_bsp_pins.o(.revsh_text), (4 bytes).
    Removing am_bsp_pins.o(.rrx_text), (6 bytes).
    Removing am_bsp_pins.o(.constdata), (4 bytes).
    Removing am_bsp_pins.o(.constdata), (4 bytes).
    Removing am_bsp_pins.o(.constdata), (4 bytes).
    Removing am_bsp_pins.o(.constdata), (4 bytes).
    Removing am_bsp_pins.o(.constdata), (4 bytes).
    Removing am_bsp_pins.o(.constdata), (4 bytes).
    Removing am_bsp_pins.o(.constdata), (4 bytes).
    Removing am_bsp_pins.o(.constdata), (4 bytes).
    Removing am_bsp_pins.o(.constdata), (4 bytes).
    Removing am_bsp_pins.o(.constdata), (4 bytes).
    Removing am_bsp_pins.o(.constdata), (4 bytes).
    Removing am_bsp_pins.o(.constdata), (4 bytes).
    Removing am_bsp_pins.o(.constdata), (4 bytes).
    Removing am_bsp_pins.o(.constdata), (4 bytes).
    Removing am_bsp_pins.o(.constdata), (4 bytes).
    Removing am_bsp_pins.o(.constdata), (4 bytes).
    Removing am_bsp_pins.o(.constdata), (4 bytes).
    Removing am_bsp_pins.o(.constdata), (4 bytes).
    Removing am_bsp_pins.o(.constdata), (4 bytes).
    Removing am_bsp_pins.o(.constdata), (4 bytes).
    Removing am_bsp_pins.o(.constdata), (4 bytes).
    Removing am_bsp_pins.o(.constdata), (4 bytes).
    Removing am_bsp_pins.o(.constdata), (4 bytes).
    Removing am_bsp_pins.o(.constdata), (4 bytes).
    Removing am_bsp_pins.o(.constdata), (4 bytes).
    Removing am_bsp_pins.o(.constdata), (4 bytes).
    Removing am_bsp_pins.o(.constdata), (4 bytes).
    Removing am_bsp_pins.o(.constdata), (4 bytes).
    Removing am_bsp_pins.o(.constdata), (4 bytes).
    Removing am_bsp_pins.o(.constdata), (4 bytes).
    Removing am_bsp_pins.o(.constdata), (4 bytes).
    Removing am_bsp_pins.o(.constdata), (4 bytes).
    Removing am_bsp_pins.o(.constdata), (4 bytes).
    Removing am_bsp_pins.o(.constdata), (4 bytes).
    Removing am_bsp_pins.o(.constdata), (4 bytes).
    Removing am_bsp_pins.o(.constdata), (4 bytes).
    Removing am_bsp_pins.o(.constdata), (4 bytes).
    Removing am_bsp_pins.o(.constdata), (4 bytes).
    Removing am_bsp_pins.o(.constdata), (4 bytes).
    Removing am_bsp_pins.o(.constdata), (4 bytes).
    Removing am_bsp_pins.o(.constdata), (4 bytes).
    Removing am_bsp_pins.o(.constdata), (4 bytes).
    Removing am_bsp_pins.o(.constdata), (4 bytes).
    Removing am_bsp_pins.o(.constdata), (4 bytes).
    Removing am_bsp_pins.o(.constdata), (4 bytes).
    Removing am_bsp_pins.o(.constdata), (4 bytes).
    Removing am_bsp_pins.o(.constdata), (4 bytes).
    Removing am_bsp_pins.o(.constdata), (4 bytes).
    Removing am_bsp_pins.o(.constdata), (4 bytes).
    Removing am_bsp_pins.o(.constdata), (4 bytes).
    Removing am_bsp_pins.o(.constdata), (4 bytes).
    Removing am_bsp_pins.o(.constdata), (4 bytes).
    Removing am_bsp_pins.o(.constdata), (4 bytes).
    Removing am_bsp_pins.o(.constdata), (4 bytes).
    Removing am_bsp_pins.o(.constdata), (4 bytes).
    Removing am_bsp_pins.o(.constdata), (4 bytes).
    Removing am_bsp_pins.o(.constdata), (4 bytes).
    Removing am_bsp_pins.o(.constdata), (4 bytes).
    Removing am_bsp_pins.o(.constdata), (4 bytes).
    Removing am_bsp_pins.o(.constdata), (4 bytes).
    Removing am_bsp_pins.o(.constdata), (4 bytes).
    Removing am_bsp_pins.o(.constdata), (4 bytes).
    Removing am_bsp_pins.o(.constdata), (4 bytes).
    Removing am_bsp_pins.o(.constdata), (4 bytes).
    Removing am_bsp_pins.o(.constdata), (4 bytes).
    Removing am_bsp_pins.o(.constdata), (4 bytes).
    Removing am_bsp_pins.o(.constdata), (4 bytes).
    Removing am_bsp_pins.o(.constdata), (4 bytes).
    Removing am_bsp_pins.o(.constdata), (4 bytes).
    Removing am_bsp_pins.o(.constdata), (4 bytes).
    Removing am_bsp_pins.o(.constdata), (4 bytes).
    Removing am_bsp_pins.o(.constdata), (4 bytes).
    Removing am_bsp_pins.o(.constdata), (4 bytes).
    Removing am_bsp_pins.o(.constdata), (4 bytes).
    Removing am_bsp_pins.o(.constdata), (4 bytes).
    Removing am_bsp_pins.o(.constdata), (4 bytes).
    Removing am_hal_itm.o(.rev16_text), (4 bytes).
    Removing am_hal_itm.o(.revsh_text), (4 bytes).
    Removing am_hal_itm.o(.rrx_text), (6 bytes).
    Removing am_hal_itm.o(i.am_hal_itm_disable), (172 bytes).
    Removing am_hal_itm.o(i.am_hal_itm_enable), (72 bytes).
    Removing am_hal_itm.o(i.am_hal_itm_not_busy), (24 bytes).
    Removing am_hal_itm.o(i.am_hal_itm_print), (48 bytes).
    Removing am_hal_itm.o(i.am_hal_itm_print_not_busy), (14 bytes).
    Removing am_hal_itm.o(i.am_hal_itm_stimulus_not_busy), (18 bytes).
    Removing am_hal_itm.o(i.am_hal_itm_stimulus_reg_byte_write), (18 bytes).
    Removing am_hal_itm.o(i.am_hal_itm_stimulus_reg_short_write), (18 bytes).
    Removing am_hal_itm.o(i.am_hal_itm_stimulus_reg_word_write), (18 bytes).
    Removing am_hal_itm.o(i.am_hal_itm_sync_send), (20 bytes).
    Removing am_hal_itm.o(i.am_hal_itm_trace_port_disable), (24 bytes).
    Removing am_hal_itm.o(i.am_hal_itm_trace_port_enable), (24 bytes).
    Removing am_hal_pwrctrl.o(.rev16_text), (4 bytes).
    Removing am_hal_pwrctrl.o(.revsh_text), (4 bytes).
    Removing am_hal_pwrctrl.o(.rrx_text), (6 bytes).
    Removing am_hal_pwrctrl.o(i.am_hal_pwrctrl_blebuck_trim), (76 bytes).
    Removing am_hal_pwrctrl.o(i.am_hal_pwrctrl_memory_deepsleep_powerdown), (40 bytes).
    Removing am_hal_pwrctrl.o(i.am_hal_pwrctrl_memory_deepsleep_retain), (44 bytes).
    Removing am_hal_pwrctrl.o(i.am_hal_pwrctrl_memory_enable), (108 bytes).
    Removing am_hal_pwrctrl.o(i.am_hal_pwrctrl_periph_enabled), (72 bytes).
    Removing am_hal_pwrctrl.o(.data), (1 bytes).
    Removing am_hal_queue.o(.rev16_text), (4 bytes).
    Removing am_hal_queue.o(.revsh_text), (4 bytes).
    Removing am_hal_queue.o(.rrx_text), (6 bytes).
    Removing am_hal_reset.o(.rev16_text), (4 bytes).
    Removing am_hal_reset.o(.revsh_text), (4 bytes).
    Removing am_hal_reset.o(.rrx_text), (6 bytes).
    Removing am_hal_reset.o(i.am_hal_reset_configure), (82 bytes).
    Removing am_hal_reset.o(i.am_hal_reset_control), (56 bytes).
    Removing am_hal_reset.o(i.am_hal_reset_interrupt_clear), (12 bytes).
    Removing am_hal_reset.o(i.am_hal_reset_interrupt_disable), (34 bytes).
    Removing am_hal_reset.o(i.am_hal_reset_interrupt_enable), (34 bytes).
    Removing am_hal_reset.o(i.am_hal_reset_interrupt_status_get), (22 bytes).
    Removing am_hal_reset.o(i.am_hal_reset_status_get), (116 bytes).
    Removing am_hal_rtc.o(.rev16_text), (4 bytes).
    Removing am_hal_rtc.o(.revsh_text), (4 bytes).
    Removing am_hal_rtc.o(.rrx_text), (6 bytes).
    Removing am_hal_rtc.o(i.am_hal_rtc_alarm_get), (162 bytes).
    Removing am_hal_rtc.o(i.am_hal_rtc_alarm_interval_set), (62 bytes).
    Removing am_hal_rtc.o(i.am_hal_rtc_alarm_set), (320 bytes).
    Removing am_hal_rtc.o(i.am_hal_rtc_int_clear), (10 bytes).
    Removing am_hal_rtc.o(i.am_hal_rtc_int_disable), (18 bytes).
    Removing am_hal_rtc.o(i.am_hal_rtc_int_enable), (16 bytes).
    Removing am_hal_rtc.o(i.am_hal_rtc_int_enable_get), (10 bytes).
    Removing am_hal_rtc.o(i.am_hal_rtc_int_set), (10 bytes).
    Removing am_hal_rtc.o(i.am_hal_rtc_int_status_get), (24 bytes).
    Removing am_hal_rtc.o(i.am_hal_rtc_osc_enable), (18 bytes).
    Removing am_hal_rtc.o(i.am_hal_rtc_osc_select), (20 bytes).
    Removing am_hal_rtc.o(i.am_hal_rtc_time_12hour), (18 bytes).
    Removing am_hal_rtc.o(i.am_hal_rtc_time_get), (202 bytes).
    Removing am_hal_rtc.o(i.am_hal_rtc_time_set), (380 bytes).
    Removing am_hal_tpiu.o(.rev16_text), (4 bytes).
    Removing am_hal_tpiu.o(.revsh_text), (4 bytes).
    Removing am_hal_tpiu.o(.rrx_text), (6 bytes).
    Removing am_hal_tpiu.o(i.am_hal_tpiu_clock_disable), (20 bytes).
    Removing am_hal_tpiu.o(i.am_hal_tpiu_clock_enable), (20 bytes).
    Removing am_hal_tpiu.o(i.am_hal_tpiu_configure), (48 bytes).
    Removing am_hal_tpiu.o(i.am_hal_tpiu_disable), (16 bytes).
    Removing am_hal_tpiu.o(i.am_hal_tpiu_enable), (144 bytes).
    Removing am_hal_tpiu.o(i.am_hal_tpiu_port_width_get), (40 bytes).
    Removing am_hal_tpiu.o(i.am_hal_tpiu_port_width_set), (20 bytes).
    Removing am_hal_tpiu.o(i.am_hal_tpiu_supported_port_width_get), (56 bytes).

289 unused section(s) (total 12173 bytes) removed from the image.

==============================================================================

Image Symbol Table

    Local Symbols

    Symbol Name                              Value     Ov Type        Size  Object(Section)

    ../../../../../utils/am_util_delay.c     0x00000000   Number         0  am_util_delay.o ABSOLUTE
    ../../../../../utils/am_util_faultisr.c  0x00000000   Number         0  am_util_faultisr.o ABSOLUTE
    ../../../../../utils/am_util_id.c        0x00000000   Number         0  am_util_id.o ABSOLUTE
    ../../../../../utils/am_util_stdio.c     0x00000000   Number         0  am_util_stdio.o ABSOLUTE
    ../am_bsp.c                              0x00000000   Number         0  am_bsp.o ABSOLUTE
    ../am_bsp_pins.c                         0x00000000   Number         0  am_bsp_pins.o ABSOLUTE
    ../am_hal_cachectrl.c                    0x00000000   Number         0  am_hal_cachectrl.o ABSOLUTE
    ../am_hal_clkgen.c                       0x00000000   Number         0  am_hal_clkgen.o ABSOLUTE
    ../am_hal_flash.c                        0x00000000   Number         0  am_hal_flash.o ABSOLUTE
    ../am_hal_global.c                       0x00000000   Number         0  am_hal_global.o ABSOLUTE
    ../am_hal_gpio.c                         0x00000000   Number         0  am_hal_gpio.o ABSOLUTE
    ../am_hal_interrupt.c                    0x00000000   Number         0  am_hal_interrupt.o ABSOLUTE
    ../am_hal_itm.c                          0x00000000   Number         0  am_hal_itm.o ABSOLUTE
    ../am_hal_mcuctrl.c                      0x00000000   Number         0  am_hal_mcuctrl.o ABSOLUTE
    ../am_hal_pwrctrl.c                      0x00000000   Number         0  am_hal_pwrctrl.o ABSOLUTE
    ../am_hal_queue.c                        0x00000000   Number         0  am_hal_queue.o ABSOLUTE
    ../am_hal_reset.c                        0x00000000   Number         0  am_hal_reset.o ABSOLUTE
    ../am_hal_rtc.c                          0x00000000   Number         0  am_hal_rtc.o ABSOLUTE
    ../am_hal_tpiu.c                         0x00000000   Number         0  am_hal_tpiu.o ABSOLUTE
    ../am_hal_uart.c                         0x00000000   Number         0  am_hal_uart.o ABSOLUTE
    ../clib/angel/boardlib.s                 0x00000000   Number         0  boardinit3.o ABSOLUTE
    ../clib/angel/boardlib.s                 0x00000000   Number         0  boardshut.o ABSOLUTE
    ../clib/angel/boardlib.s                 0x00000000   Number         0  boardinit2.o ABSOLUTE
    ../clib/angel/boardlib.s                 0x00000000   Number         0  boardinit1.o ABSOLUTE
    ../clib/angel/handlers.s                 0x00000000   Number         0  __scatter_copy.o ABSOLUTE
    ../clib/angel/handlers.s                 0x00000000   Number         0  __scatter_zi.o ABSOLUTE
    ../clib/angel/kernel.s                   0x00000000   Number         0  rtexit.o ABSOLUTE
    ../clib/angel/kernel.s                   0x00000000   Number         0  __rtentry.o ABSOLUTE
    ../clib/angel/kernel.s                   0x00000000   Number         0  rtexit2.o ABSOLUTE
    ../clib/angel/kernel.s                   0x00000000   Number         0  __rtentry4.o ABSOLUTE
    ../clib/angel/kernel.s                   0x00000000   Number         0  __rtentry2.o ABSOLUTE
    ../clib/angel/rt.s                       0x00000000   Number         0  rt_raise.o ABSOLUTE
    ../clib/angel/scatter.s                  0x00000000   Number         0  __scatter.o ABSOLUTE
    ../clib/angel/startup.s                  0x00000000   Number         0  __main.o ABSOLUTE
    ../clib/angel/sys.s                      0x00000000   Number         0  libspace.o ABSOLUTE
    ../clib/angel/sys.s                      0x00000000   Number         0  sys_stackheap_outer.o ABSOLUTE
    ../clib/angel/sys.s                      0x00000000   Number         0  indicate_semi.o ABSOLUTE
    ../clib/angel/sys.s                      0x00000000   Number         0  use_no_semi.o ABSOLUTE
    ../clib/angel/sysapp.c                   0x00000000   Number         0  sys_exit.o ABSOLUTE
    ../clib/angel/sysapp.c                   0x00000000   Number         0  sys_command.o ABSOLUTE
    ../clib/angel/sysapp.c                   0x00000000   Number         0  sys_wrch.o ABSOLUTE
    ../clib/armsys.c                         0x00000000   Number         0  no_argv.o ABSOLUTE
    ../clib/armsys.c                         0x00000000   Number         0  argv_veneer.o ABSOLUTE
    ../clib/armsys.c                         0x00000000   Number         0  argv_veneer.o ABSOLUTE
    ../clib/armsys.c                         0x00000000   Number         0  _get_argv_nomalloc.o ABSOLUTE
    ../clib/heapalloc.c                      0x00000000   Number         0  hrguard.o ABSOLUTE
    ../clib/heapaux.c                        0x00000000   Number         0  heapauxi.o ABSOLUTE
    ../clib/libinit.s                        0x00000000   Number         0  libshutdown2.o ABSOLUTE
    ../clib/libinit.s                        0x00000000   Number         0  libinit2.o ABSOLUTE
    ../clib/libinit.s                        0x00000000   Number         0  libshutdown.o ABSOLUTE
    ../clib/libinit.s                        0x00000000   Number         0  libinit.o ABSOLUTE
    ../clib/longlong.s                       0x00000000   Number         0  llshl.o ABSOLUTE
    ../clib/longlong.s                       0x00000000   Number         0  llushr.o ABSOLUTE
    ../clib/memcpset.s                       0x00000000   Number         0  rt_memclr_w.o ABSOLUTE
    ../clib/signal.c                         0x00000000   Number         0  defsig_rtmem_formal.o ABSOLUTE
    ../clib/signal.c                         0x00000000   Number         0  defsig_rtmem_outer.o ABSOLUTE
    ../clib/signal.c                         0x00000000   Number         0  defsig_abrt_inner.o ABSOLUTE
    ../clib/signal.c                         0x00000000   Number         0  defsig_other.o ABSOLUTE
    ../clib/signal.c                         0x00000000   Number         0  defsig_segv_inner.o ABSOLUTE
    ../clib/signal.c                         0x00000000   Number         0  defsig_cppl_inner.o ABSOLUTE
    ../clib/signal.c                         0x00000000   Number         0  defsig_pvfn_inner.o ABSOLUTE
    ../clib/signal.c                         0x00000000   Number         0  defsig_stak_inner.o ABSOLUTE
    ../clib/signal.c                         0x00000000   Number         0  defsig_rtred_inner.o ABSOLUTE
    ../clib/signal.c                         0x00000000   Number         0  defsig_fpe_inner.o ABSOLUTE
    ../clib/signal.c                         0x00000000   Number         0  defsig_general.o ABSOLUTE
    ../clib/signal.c                         0x00000000   Number         0  __raise.o ABSOLUTE
    ../clib/signal.c                         0x00000000   Number         0  defsig_rtmem_inner.o ABSOLUTE
    ../clib/signal.c                         0x00000000   Number         0  defsig_exit.o ABSOLUTE
    ../clib/signal.s                         0x00000000   Number         0  defsig.o ABSOLUTE
    ../clib/stdlib.c                         0x00000000   Number         0  exit.o ABSOLUTE
    ../fplib/d2f.s                           0x00000000   Number         0  d2f.o ABSOLUTE
    ../fplib/dnaninf.s                       0x00000000   Number         0  dnaninf.o ABSOLUTE
    ../fplib/fpinit.s                        0x00000000   Number         0  fpinit.o ABSOLUTE
    ../fplib/fretinf.s                       0x00000000   Number         0  fretinf.o ABSOLUTE
    ../fplib/usenofp.s                       0x00000000   Number         0  usenofp.o ABSOLUTE
    ../keil/startup_keil.s                   0x00000000   Number         0  startup_keil.o ABSOLUTE
    ../src/hello_world_uart.c                0x00000000   Number         0  hello_world_uart.o ABSOLUTE
    ..\..\..\..\..\utils\am_util_delay.c     0x00000000   Number         0  am_util_delay.o ABSOLUTE
    ..\..\..\..\..\utils\am_util_faultisr.c  0x00000000   Number         0  am_util_faultisr.o ABSOLUTE
    ..\..\..\..\..\utils\am_util_id.c        0x00000000   Number         0  am_util_id.o ABSOLUTE
    ..\am_bsp.c                              0x00000000   Number         0  am_bsp.o ABSOLUTE
    ..\am_bsp_pins.c                         0x00000000   Number         0  am_bsp_pins.o ABSOLUTE
    ..\am_hal_cachectrl.c                    0x00000000   Number         0  am_hal_cachectrl.o ABSOLUTE
    ..\am_hal_clkgen.c                       0x00000000   Number         0  am_hal_clkgen.o ABSOLUTE
    ..\am_hal_flash.c                        0x00000000   Number         0  am_hal_flash.o ABSOLUTE
    ..\am_hal_global.c                       0x00000000   Number         0  am_hal_global.o ABSOLUTE
    ..\am_hal_gpio.c                         0x00000000   Number         0  am_hal_gpio.o ABSOLUTE
    ..\am_hal_interrupt.c                    0x00000000   Number         0  am_hal_interrupt.o ABSOLUTE
    ..\am_hal_itm.c                          0x00000000   Number         0  am_hal_itm.o ABSOLUTE
    ..\am_hal_mcuctrl.c                      0x00000000   Number         0  am_hal_mcuctrl.o ABSOLUTE
    ..\am_hal_pwrctrl.c                      0x00000000   Number         0  am_hal_pwrctrl.o ABSOLUTE
    ..\am_hal_queue.c                        0x00000000   Number         0  am_hal_queue.o ABSOLUTE
    ..\am_hal_reset.c                        0x00000000   Number         0  am_hal_reset.o ABSOLUTE
    ..\am_hal_rtc.c                          0x00000000   Number         0  am_hal_rtc.o ABSOLUTE
    ..\am_hal_tpiu.c                         0x00000000   Number         0  am_hal_tpiu.o ABSOLUTE
    ..\am_hal_uart.c                         0x00000000   Number         0  am_hal_uart.o ABSOLUTE
    ..\src\hello_world_uart.c                0x00000000   Number         0  hello_world_uart.o ABSOLUTE
    dc.s                                     0x00000000   Number         0  dc.o ABSOLUTE
    RESET                                    0x0000c000   Section      308  startup_keil.o(RESET)
    $v0                                      0x0000c100   Number         0  startup_keil.o(RESET)
    !!!main                                  0x0000c134   Section        8  __main.o(!!!main)
    !!!scatter                               0x0000c13c   Section       52  __scatter.o(!!!scatter)
    !!handler_copy                           0x0000c170   Section       26  __scatter_copy.o(!!handler_copy)
    !!handler_zi                             0x0000c18c   Section       28  __scatter_zi.o(!!handler_zi)
    .ARM.Collect$$libinit$$00000000          0x0000c1a8   Section        2  libinit.o(.ARM.Collect$$libinit$$00000000)
    .ARM.Collect$$libinit$$00000001          0x0000c1aa   Section        4  libinit2.o(.ARM.Collect$$libinit$$00000001)
    .ARM.Collect$$libinit$$00000004          0x0000c1ae   Section        0  libinit2.o(.ARM.Collect$$libinit$$00000004)
    .ARM.Collect$$libinit$$0000000A          0x0000c1ae   Section        0  libinit2.o(.ARM.Collect$$libinit$$0000000A)
    .ARM.Collect$$libinit$$0000000C          0x0000c1ae   Section        0  libinit2.o(.ARM.Collect$$libinit$$0000000C)
    .ARM.Collect$$libinit$$0000000E          0x0000c1ae   Section        0  libinit2.o(.ARM.Collect$$libinit$$0000000E)
    .ARM.Collect$$libinit$$00000011          0x0000c1ae   Section        0  libinit2.o(.ARM.Collect$$libinit$$00000011)
    .ARM.Collect$$libinit$$00000013          0x0000c1ae   Section        0  libinit2.o(.ARM.Collect$$libinit$$00000013)
    .ARM.Collect$$libinit$$00000015          0x0000c1ae   Section        0  libinit2.o(.ARM.Collect$$libinit$$00000015)
    .ARM.Collect$$libinit$$00000017          0x0000c1ae   Section        0  libinit2.o(.ARM.Collect$$libinit$$00000017)
    .ARM.Collect$$libinit$$00000019          0x0000c1ae   Section        0  libinit2.o(.ARM.Collect$$libinit$$00000019)
    .ARM.Collect$$libinit$$0000001B          0x0000c1ae   Section        0  libinit2.o(.ARM.Collect$$libinit$$0000001B)
    .ARM.Collect$$libinit$$0000001D          0x0000c1ae   Section        0  libinit2.o(.ARM.Collect$$libinit$$0000001D)
    .ARM.Collect$$libinit$$0000001F          0x0000c1ae   Section        0  libinit2.o(.ARM.Collect$$libinit$$0000001F)
    .ARM.Collect$$libinit$$00000021          0x0000c1ae   Section        0  libinit2.o(.ARM.Collect$$libinit$$00000021)
    .ARM.Collect$$libinit$$00000023          0x0000c1ae   Section        0  libinit2.o(.ARM.Collect$$libinit$$00000023)
    .ARM.Collect$$libinit$$00000025          0x0000c1ae   Section        0  libinit2.o(.ARM.Collect$$libinit$$00000025)
    .ARM.Collect$$libinit$$0000002C          0x0000c1ae   Section        0  libinit2.o(.ARM.Collect$$libinit$$0000002C)
    .ARM.Collect$$libinit$$0000002E          0x0000c1ae   Section        0  libinit2.o(.ARM.Collect$$libinit$$0000002E)
    .ARM.Collect$$libinit$$00000030          0x0000c1ae   Section        0  libinit2.o(.ARM.Collect$$libinit$$00000030)
    .ARM.Collect$$libinit$$00000032          0x0000c1ae   Section        0  libinit2.o(.ARM.Collect$$libinit$$00000032)
    .ARM.Collect$$libinit$$00000033          0x0000c1ae   Section        2  libinit2.o(.ARM.Collect$$libinit$$00000033)
    .ARM.Collect$$libshutdown$$00000000      0x0000c1b0   Section        2  libshutdown.o(.ARM.Collect$$libshutdown$$00000000)
    .ARM.Collect$$libshutdown$$00000002      0x0000c1b2   Section        0  libshutdown2.o(.ARM.Collect$$libshutdown$$00000002)
    .ARM.Collect$$libshutdown$$00000004      0x0000c1b2   Section        0  libshutdown2.o(.ARM.Collect$$libshutdown$$00000004)
    .ARM.Collect$$libshutdown$$00000006      0x0000c1b2   Section        0  libshutdown2.o(.ARM.Collect$$libshutdown$$00000006)
    .ARM.Collect$$libshutdown$$00000009      0x0000c1b2   Section        0  libshutdown2.o(.ARM.Collect$$libshutdown$$00000009)
    .ARM.Collect$$libshutdown$$0000000C      0x0000c1b2   Section        0  libshutdown2.o(.ARM.Collect$$libshutdown$$0000000C)
    .ARM.Collect$$libshutdown$$0000000E      0x0000c1b2   Section        0  libshutdown2.o(.ARM.Collect$$libshutdown$$0000000E)
    .ARM.Collect$$libshutdown$$00000011      0x0000c1b2   Section        0  libshutdown2.o(.ARM.Collect$$libshutdown$$00000011)
    .ARM.Collect$$libshutdown$$00000012      0x0000c1b2   Section        2  libshutdown2.o(.ARM.Collect$$libshutdown$$00000012)
    .ARM.Collect$$rtentry$$00000000          0x0000c1b4   Section        0  __rtentry.o(.ARM.Collect$$rtentry$$00000000)
    .ARM.Collect$$rtentry$$00000002          0x0000c1b4   Section        0  __rtentry2.o(.ARM.Collect$$rtentry$$00000002)
    .ARM.Collect$$rtentry$$00000004          0x0000c1b4   Section        6  __rtentry4.o(.ARM.Collect$$rtentry$$00000004)
    .ARM.Collect$$rtentry$$00000009          0x0000c1ba   Section        0  __rtentry2.o(.ARM.Collect$$rtentry$$00000009)
    .ARM.Collect$$rtentry$$0000000A          0x0000c1ba   Section        4  __rtentry2.o(.ARM.Collect$$rtentry$$0000000A)
    .ARM.Collect$$rtentry$$0000000C          0x0000c1be   Section        0  __rtentry2.o(.ARM.Collect$$rtentry$$0000000C)
    .ARM.Collect$$rtentry$$0000000D          0x0000c1be   Section        8  __rtentry2.o(.ARM.Collect$$rtentry$$0000000D)
    .ARM.Collect$$rtexit$$00000000           0x0000c1c6   Section        2  rtexit.o(.ARM.Collect$$rtexit$$00000000)
    .ARM.Collect$$rtexit$$00000002           0x0000c1c8   Section        0  rtexit2.o(.ARM.Collect$$rtexit$$00000002)
    .ARM.Collect$$rtexit$$00000003           0x0000c1c8   Section        4  rtexit2.o(.ARM.Collect$$rtexit$$00000003)
    .ARM.Collect$$rtexit$$00000004           0x0000c1cc   Section        6  rtexit2.o(.ARM.Collect$$rtexit$$00000004)
    .emb_text                                0x0000c1d4   Section       34  am_util_faultisr.o(.emb_text)
    $v0                                      0x0000c1d4   Number         0  am_util_faultisr.o(.emb_text)
    .emb_text                                0x0000c1f8   Section       22  am_hal_interrupt.o(.emb_text)
    $v0                                      0x0000c1f8   Number         0  am_hal_interrupt.o(.emb_text)
    .text                                    0x0000c210   Section       24  startup_keil.o(.text)
    $v0                                      0x0000c210   Number         0  startup_keil.o(.text)
    .text                                    0x0000c228   Section       78  rt_memclr_w.o(.text)
    .text                                    0x0000c276   Section        0  heapauxi.o(.text)
    .text                                    0x0000c27c   Section       74  sys_stackheap_outer.o(.text)
    .text                                    0x0000c2c6   Section        0  exit.o(.text)
    .text                                    0x0000c2d8   Section        8  libspace.o(.text)
    .text                                    0x0000c2e0   Section        0  sys_exit.o(.text)
    .text                                    0x0000c2ec   Section        2  use_no_semi.o(.text)
    .text                                    0x0000c2ee   Section        0  indicate_semi.o(.text)
    i.am_bsp_low_power_init                  0x0000c2f0   Section        0  am_bsp.o(i.am_bsp_low_power_init)
    i.am_hal_cachectrl_config                0x0000c334   Section        0  am_hal_cachectrl.o(i.am_hal_cachectrl_config)
    i.am_hal_cachectrl_control               0x0000c380   Section        0  am_hal_cachectrl.o(i.am_hal_cachectrl_control)
    i.am_hal_cachectrl_enable                0x0000c650   Section        0  am_hal_cachectrl.o(i.am_hal_cachectrl_enable)
    i.am_hal_clkgen_control                  0x0000c664   Section        0  am_hal_clkgen.o(i.am_hal_clkgen_control)
    i.am_hal_clkgen_status_get               0x0000c760   Section        0  am_hal_clkgen.o(i.am_hal_clkgen_status_get)
    i.am_hal_flash_delay                     0x0000c794   Section        0  am_hal_flash.o(i.am_hal_flash_delay)
    i.am_hal_flash_delay_status_check        0x0000c7b8   Section        0  am_hal_flash.o(i.am_hal_flash_delay_status_check)
    i.am_hal_flash_load_ui32                 0x0000c814   Section        0  am_hal_flash.o(i.am_hal_flash_load_ui32)
    i.am_hal_flash_store_ui32                0x0000c81c   Section        0  am_hal_flash.o(i.am_hal_flash_store_ui32)
    i.am_hal_gpio_pinconfig                  0x0000c844   Section        0  am_hal_gpio.o(i.am_hal_gpio_pinconfig)
    i.am_hal_gpio_state_write                0x0000cac4   Section        0  am_hal_gpio.o(i.am_hal_gpio_state_write)
    i.am_hal_mcuctrl_info_get                0x0000cb44   Section        0  am_hal_mcuctrl.o(i.am_hal_mcuctrl_info_get)
    i.am_hal_pwrctrl_low_power_init          0x0000cc7c   Section        0  am_hal_pwrctrl.o(i.am_hal_pwrctrl_low_power_init)
    i.am_hal_pwrctrl_periph_disable          0x0000ce68   Section        0  am_hal_pwrctrl.o(i.am_hal_pwrctrl_periph_disable)
    i.am_hal_pwrctrl_periph_enable           0x0000cf24   Section        0  am_hal_pwrctrl.o(i.am_hal_pwrctrl_periph_enable)
    i.am_hal_queue_init                      0x0000cf94   Section        0  am_hal_queue.o(i.am_hal_queue_init)
    i.am_hal_queue_item_add                  0x0000cfaa   Section        0  am_hal_queue.o(i.am_hal_queue_item_add)
    i.am_hal_queue_item_get                  0x0000d04e   Section        0  am_hal_queue.o(i.am_hal_queue_item_get)
    i.am_hal_rtc_osc_disable                 0x0000d0e6   Section        0  am_hal_rtc.o(i.am_hal_rtc_osc_disable)
    i.am_hal_uart_configure                  0x0000d0f8   Section        0  am_hal_uart.o(i.am_hal_uart_configure)
    i.am_hal_uart_control                    0x0000d368   Section        0  am_hal_uart.o(i.am_hal_uart_control)
    i.am_hal_uart_initialize                 0x0000d38c   Section        0  am_hal_uart.o(i.am_hal_uart_initialize)
    i.am_hal_uart_interrupt_clear            0x0000d3e0   Section        0  am_hal_uart.o(i.am_hal_uart_interrupt_clear)
    i.am_hal_uart_interrupt_service          0x0000d410   Section        0  am_hal_uart.o(i.am_hal_uart_interrupt_service)
    i.am_hal_uart_interrupt_status_get       0x0000d57c   Section        0  am_hal_uart.o(i.am_hal_uart_interrupt_status_get)
    i.am_hal_uart_power_control              0x0000d5b8   Section        0  am_hal_uart.o(i.am_hal_uart_power_control)
    i.am_hal_uart_transfer                   0x0000d6bc   Section        0  am_hal_uart.o(i.am_hal_uart_transfer)
    i.am_uart_isr                            0x0000da10   Section        0  hello_world_uart.o(i.am_uart_isr)
    i.am_util_delay_ms                       0x0000da3c   Section        0  am_util_delay.o(i.am_util_delay_ms)
    i.am_util_faultisr_collect_data          0x0000da5c   Section        0  am_util_faultisr.o(i.am_util_faultisr_collect_data)
    i.am_util_stdio_printf                   0x0000db14   Section        0  am_util_stdio.o(i.am_util_stdio_printf)
    i.am_util_stdio_printf_init              0x0000db50   Section        0  am_util_stdio.o(i.am_util_stdio_printf_init)
    i.am_util_stdio_terminal_clear           0x0000db5c   Section        0  am_util_stdio.o(i.am_util_stdio_terminal_clear)
    i.am_util_stdio_vsprintf                 0x0000db7c   Section        0  am_util_stdio.o(i.am_util_stdio_vsprintf)
    i.decstr_to_int                          0x0000df30   Section        0  am_util_stdio.o(i.decstr_to_int)
    decstr_to_int                            0x0000df31   Thumb Code    66  am_util_stdio.o(i.decstr_to_int)
    i.divu64_10                              0x0000df72   Section        0  am_util_stdio.o(i.divu64_10)
    divu64_10                                0x0000df73   Thumb Code   204  am_util_stdio.o(i.divu64_10)
    i.error_handler                          0x0000e040   Section        0  hello_world_uart.o(i.error_handler)
    i.ftoa                                   0x0000e04c   Section        0  am_util_stdio.o(i.ftoa)
    ftoa                                     0x0000e04d   Thumb Code   370  am_util_stdio.o(i.ftoa)
    i.main                                   0x0000e1c4   Section        0  hello_world_uart.o(i.main)
    i.ndigits_in_hex                         0x0000e2cc   Section        0  am_util_stdio.o(i.ndigits_in_hex)
    ndigits_in_hex                           0x0000e2cd   Thumb Code    52  am_util_stdio.o(i.ndigits_in_hex)
    i.ndigits_in_i64                         0x0000e300   Section        0  am_util_stdio.o(i.ndigits_in_i64)
    ndigits_in_i64                           0x0000e301   Thumb Code    36  am_util_stdio.o(i.ndigits_in_i64)
    i.ndigits_in_u64                         0x0000e324   Section        0  am_util_stdio.o(i.ndigits_in_u64)
    ndigits_in_u64                           0x0000e325   Thumb Code    58  am_util_stdio.o(i.ndigits_in_u64)
    i.padbuffer                              0x0000e35e   Section        0  am_util_stdio.o(i.padbuffer)
    padbuffer                                0x0000e35f   Thumb Code    34  am_util_stdio.o(i.padbuffer)
    i.read_nonblocking                       0x0000e380   Section        0  am_hal_uart.o(i.read_nonblocking)
    read_nonblocking                         0x0000e381   Thumb Code   288  am_hal_uart.o(i.read_nonblocking)
    i.simple_strlen                          0x0000e4a8   Section        0  am_util_stdio.o(i.simple_strlen)
    simple_strlen                            0x0000e4a9   Thumb Code    24  am_util_stdio.o(i.simple_strlen)
    i.uart_print                             0x0000e4c0   Section        0  hello_world_uart.o(i.uart_print)
    i.uint64_to_hexstr                       0x0000e514   Section        0  am_util_stdio.o(i.uint64_to_hexstr)
    uint64_to_hexstr                         0x0000e515   Thumb Code   138  am_util_stdio.o(i.uint64_to_hexstr)
    i.uint64_to_str                          0x0000e59e   Section        0  am_util_stdio.o(i.uint64_to_str)
    uint64_to_str                            0x0000e59f   Thumb Code   112  am_util_stdio.o(i.uint64_to_str)
    i.write_nonblocking                      0x0000e610   Section        0  am_hal_uart.o(i.write_nonblocking)
    write_nonblocking                        0x0000e611   Thumb Code   268  am_hal_uart.o(i.write_nonblocking)
    x$fpl$d2f                                0x0000e720   Section       98  d2f.o(x$fpl$d2f)
    $v0                                      0x0000e720   Number         0  d2f.o(x$fpl$d2f)
    x$fpl$dnaninf                            0x0000e782   Section      156  dnaninf.o(x$fpl$dnaninf)
    $v0                                      0x0000e782   Number         0  dnaninf.o(x$fpl$dnaninf)
    x$fpl$fpinit                             0x0000e81e   Section       10  fpinit.o(x$fpl$fpinit)
    $v0                                      0x0000e81e   Number         0  fpinit.o(x$fpl$fpinit)
    x$fpl$fretinf                            0x0000e828   Section       10  fretinf.o(x$fpl$fretinf)
    $v0                                      0x0000e828   Number         0  fretinf.o(x$fpl$fretinf)
    x$fpl$usenofp                            0x0000e832   Section        0  usenofp.o(x$fpl$usenofp)
    .constdata                               0x0000e834   Section       40  hello_world_uart.o(.constdata)
    .constdata                               0x0000e85c   Section        3  am_hal_cachectrl.o(.constdata)
    .constdata                               0x0000e860   Section       12  am_hal_flash.o(.constdata)
    .constdata                               0x0000e86c   Section      354  am_hal_gpio.o(.constdata)
    g_ui8Inpen                               0x0000e870   Data          50  am_hal_gpio.o(.constdata)
    g_ui8Bit76Capabilities                   0x0000e8a2   Data          50  am_hal_gpio.o(.constdata)
    g_ui8nCEpins                             0x0000e8d4   Data          50  am_hal_gpio.o(.constdata)
    g_ui8NCEtable                            0x0000e906   Data         200  am_hal_gpio.o(.constdata)
    .constdata                               0x0000e9d0   Section        4  am_hal_gpio.o(.constdata)
    .constdata                               0x0000e9d4   Section      128  am_hal_mcuctrl.o(.constdata)
    .constdata                               0x0000ea54   Section        4  am_bsp_pins.o(.constdata)
    .constdata                               0x0000ea58   Section        4  am_bsp_pins.o(.constdata)
    .constdata                               0x0000ea5c   Section      612  am_hal_pwrctrl.o(.constdata)
    .data                                    0x10000000   Section       10  hello_world_uart.o(.data)
    .data                                    0x1000000c   Section        5  am_util_stdio.o(.data)
    g_bTxtXlate                              0x10000010   Data           1  am_util_stdio.o(.data)
    .data                                    0x10000014   Section        4  am_hal_global.o(.data)
    .data                                    0x10000018   Section       88  am_bsp.o(.data)
    g_ui32PrintInterface                     0x10000018   Data           4  am_bsp.o(.data)
    g_sCOMUART                               0x1000001c   Data           4  am_bsp.o(.data)
    g_sBspUartBufferedConfig                 0x10000048   Data          40  am_bsp.o(.data)
    .data                                    0x10000070   Section        4  am_hal_reset.o(.data)
    STACK                                    0x10000078   Section     4096  startup_keil.o(STACK)
    StackMem                                 0x10000078   Data           0  startup_keil.o(STACK)
    .bss                                     0x10001078   Section      100  hello_world_uart.o(.bss)
    .bss                                     0x100010dc   Section     1024  am_util_stdio.o(.bss)
    g_prfbuf                                 0x100010dc   Data        1024  am_util_stdio.o(.bss)
    .bss                                     0x100014dc   Section      208  am_hal_uart.o(.bss)
    g_am_hal_uart_states                     0x100014dc   Data         208  am_hal_uart.o(.bss)
    .bss                                     0x100015ac   Section     1024  am_bsp.o(.bss)
    pui8UartTxBuffer                         0x100015ac   Data        1024  am_bsp.o(.bss)
    .bss                                     0x100019ac   Section     1024  am_bsp.o(.bss)
    pui8UartRxBuffer                         0x100019ac   Data        1024  am_bsp.o(.bss)
    .bss                                     0x10001dac   Section       96  libspace.o(.bss)
    HEAP                                     0x10001e10   Section        0  startup_keil.o(HEAP)
    HeapMem                                  0x10001e10   Data           0  startup_keil.o(HEAP)

    Global Symbols

    Symbol Name                              Value     Ov Type        Size  Object(Section)

    BuildAttributes$$THM_ISAv4$E$P$D$K$B$S$7EM$VFPi3$EXTD16$VFPS$VFMA$PE$A:L22UL41UL21$X:L11$S22US41US21$IEEE1$IW$USESV6$~STKCKD$USESV7$~SHL$OTIME$ROPI$EBA8$UX$STANDARDLIB$REQ8$PRES8$EABIv2 0x00000000   Number         0  anon$$obj.o ABSOLUTE
    __ARM_use_no_argv                        0x00000000   Number         0  hello_world_uart.o ABSOLUTE
    __ARM_exceptions_init                     - Undefined Weak Reference
    __alloca_initialize                       - Undefined Weak Reference
    __arm_fini_                               - Undefined Weak Reference
    __arm_preinit_                            - Undefined Weak Reference
    __cpp_initialize__aeabi_                  - Undefined Weak Reference
    __cxa_finalize                            - Undefined Weak Reference
    __rt_locale                               - Undefined Weak Reference
    __sigvec_lookup                           - Undefined Weak Reference
    _atexit_init                              - Undefined Weak Reference
    _call_atexit_fns                          - Undefined Weak Reference
    _clock_init                               - Undefined Weak Reference
    _fp_trap_init                             - Undefined Weak Reference
    _fp_trap_shutdown                         - Undefined Weak Reference
    _get_lc_collate                           - Undefined Weak Reference
    _get_lc_ctype                             - Undefined Weak Reference
    _get_lc_monetary                          - Undefined Weak Reference
    _get_lc_numeric                           - Undefined Weak Reference
    _get_lc_time                              - Undefined Weak Reference
    _getenv_init                              - Undefined Weak Reference
    _handle_redirection                       - Undefined Weak Reference
    _init_alloc                               - Undefined Weak Reference
    _init_user_alloc                          - Undefined Weak Reference
    _initio                                   - Undefined Weak Reference
    _rand_init                                - Undefined Weak Reference
    _signal_finish                            - Undefined Weak Reference
    _signal_init                              - Undefined Weak Reference
    _terminate_alloc                          - Undefined Weak Reference
    _terminate_user_alloc                     - Undefined Weak Reference
    _terminateio                              - Undefined Weak Reference
    __Vectors                                0x0000c000   Data           0  startup_keil.o(RESET)
    __Patchable                              0x0000c0c0   Data           0  startup_keil.o(RESET)
    Reset_Handler                            0x0000c101   Thumb Code    28  startup_keil.o(RESET)
    NMI_Handler                              0x0000c11f   Thumb Code     2  startup_keil.o(RESET)
    MemManage_Handler                        0x0000c121   Thumb Code     2  startup_keil.o(RESET)
    BusFault_Handler                         0x0000c123   Thumb Code     2  startup_keil.o(RESET)
    UsageFault_Handler                       0x0000c125   Thumb Code     2  startup_keil.o(RESET)
    SVC_Handler                              0x0000c127   Thumb Code     2  startup_keil.o(RESET)
    DebugMon_Handler                         0x0000c129   Thumb Code     2  startup_keil.o(RESET)
    PendSV_Handler                           0x0000c12b   Thumb Code     2  startup_keil.o(RESET)
    SysTick_Handler                          0x0000c12d   Thumb Code     2  startup_keil.o(RESET)
    am_adc_isr                               0x0000c12f   Thumb Code     0  startup_keil.o(RESET)
    am_ble_isr                               0x0000c12f   Thumb Code     0  startup_keil.o(RESET)
    am_brownout_isr                          0x0000c12f   Thumb Code     0  startup_keil.o(RESET)
    am_clkgen_isr                            0x0000c12f   Thumb Code     0  startup_keil.o(RESET)
    am_ctimer_isr                            0x0000c12f   Thumb Code     0  startup_keil.o(RESET)
    am_gpio_isr                              0x0000c12f   Thumb Code     0  startup_keil.o(RESET)
    am_iomaster0_isr                         0x0000c12f   Thumb Code     0  startup_keil.o(RESET)
    am_iomaster1_isr                         0x0000c12f   Thumb Code     0  startup_keil.o(RESET)
    am_iomaster2_isr                         0x0000c12f   Thumb Code     0  startup_keil.o(RESET)
    am_iomaster3_isr                         0x0000c12f   Thumb Code     0  startup_keil.o(RESET)
    am_iomaster4_isr                         0x0000c12f   Thumb Code     0  startup_keil.o(RESET)
    am_iomaster5_isr                         0x0000c12f   Thumb Code     0  startup_keil.o(RESET)
    am_ioslave_acc_isr                       0x0000c12f   Thumb Code     0  startup_keil.o(RESET)
    am_ioslave_ios_isr                       0x0000c12f   Thumb Code     0  startup_keil.o(RESET)
    am_mspi0_isr                             0x0000c12f   Thumb Code     0  startup_keil.o(RESET)
    am_pdm0_isr                              0x0000c12f   Thumb Code     0  startup_keil.o(RESET)
    am_rtc_isr                               0x0000c12f   Thumb Code     0  startup_keil.o(RESET)
    am_scard_isr                             0x0000c12f   Thumb Code     0  startup_keil.o(RESET)
    am_software0_isr                         0x0000c12f   Thumb Code     0  startup_keil.o(RESET)
    am_stimer_cmpr0_isr                      0x0000c12f   Thumb Code     0  startup_keil.o(RESET)
    am_stimer_cmpr1_isr                      0x0000c12f   Thumb Code     0  startup_keil.o(RESET)
    am_stimer_cmpr2_isr                      0x0000c12f   Thumb Code     0  startup_keil.o(RESET)
    am_stimer_cmpr3_isr                      0x0000c12f   Thumb Code     0  startup_keil.o(RESET)
    am_stimer_cmpr4_isr                      0x0000c12f   Thumb Code     0  startup_keil.o(RESET)
    am_stimer_cmpr5_isr                      0x0000c12f   Thumb Code     0  startup_keil.o(RESET)
    am_stimer_cmpr6_isr                      0x0000c12f   Thumb Code     0  startup_keil.o(RESET)
    am_stimer_cmpr7_isr                      0x0000c12f   Thumb Code     0  startup_keil.o(RESET)
    am_stimer_isr                            0x0000c12f   Thumb Code     0  startup_keil.o(RESET)
    am_uart0_isr                             0x0000c12f   Thumb Code     0  startup_keil.o(RESET)
    am_uart1_isr                             0x0000c12f   Thumb Code     0  startup_keil.o(RESET)
    am_vcomp_isr                             0x0000c12f   Thumb Code     0  startup_keil.o(RESET)
    am_watchdog_isr                          0x0000c12f   Thumb Code     0  startup_keil.o(RESET)
    __main                                   0x0000c135   Thumb Code     8  __main.o(!!!main)
    __scatterload                            0x0000c13d   Thumb Code     0  __scatter.o(!!!scatter)
    __scatterload_rt2                        0x0000c13d   Thumb Code    44  __scatter.o(!!!scatter)
    __scatterload_rt2_thumb_only             0x0000c13d   Thumb Code     0  __scatter.o(!!!scatter)
    __scatterload_null                       0x0000c14b   Thumb Code     0  __scatter.o(!!!scatter)
    __scatterload_copy                       0x0000c171   Thumb Code    26  __scatter_copy.o(!!handler_copy)
    __scatterload_zeroinit                   0x0000c18d   Thumb Code    28  __scatter_zi.o(!!handler_zi)
    __rt_lib_init                            0x0000c1a9   Thumb Code     0  libinit.o(.ARM.Collect$$libinit$$00000000)
    __rt_lib_init_fp_1                       0x0000c1ab   Thumb Code     0  libinit2.o(.ARM.Collect$$libinit$$00000001)
    __rt_lib_init_alloca_1                   0x0000c1af   Thumb Code     0  libinit2.o(.ARM.Collect$$libinit$$0000002E)
    __rt_lib_init_argv_1                     0x0000c1af   Thumb Code     0  libinit2.o(.ARM.Collect$$libinit$$0000002C)
    __rt_lib_init_atexit_1                   0x0000c1af   Thumb Code     0  libinit2.o(.ARM.Collect$$libinit$$0000001B)
    __rt_lib_init_clock_1                    0x0000c1af   Thumb Code     0  libinit2.o(.ARM.Collect$$libinit$$00000021)
    __rt_lib_init_cpp_1                      0x0000c1af   Thumb Code     0  libinit2.o(.ARM.Collect$$libinit$$00000032)
    __rt_lib_init_exceptions_1               0x0000c1af   Thumb Code     0  libinit2.o(.ARM.Collect$$libinit$$00000030)
    __rt_lib_init_fp_trap_1                  0x0000c1af   Thumb Code     0  libinit2.o(.ARM.Collect$$libinit$$0000001F)
    __rt_lib_init_getenv_1                   0x0000c1af   Thumb Code     0  libinit2.o(.ARM.Collect$$libinit$$00000023)
    __rt_lib_init_heap_1                     0x0000c1af   Thumb Code     0  libinit2.o(.ARM.Collect$$libinit$$0000000A)
    __rt_lib_init_lc_collate_1               0x0000c1af   Thumb Code     0  libinit2.o(.ARM.Collect$$libinit$$00000011)
    __rt_lib_init_lc_ctype_1                 0x0000c1af   Thumb Code     0  libinit2.o(.ARM.Collect$$libinit$$00000013)
    __rt_lib_init_lc_monetary_1              0x0000c1af   Thumb Code     0  libinit2.o(.ARM.Collect$$libinit$$00000015)
    __rt_lib_init_lc_numeric_1               0x0000c1af   Thumb Code     0  libinit2.o(.ARM.Collect$$libinit$$00000017)
    __rt_lib_init_lc_time_1                  0x0000c1af   Thumb Code     0  libinit2.o(.ARM.Collect$$libinit$$00000019)
    __rt_lib_init_preinit_1                  0x0000c1af   Thumb Code     0  libinit2.o(.ARM.Collect$$libinit$$00000004)
    __rt_lib_init_rand_1                     0x0000c1af   Thumb Code     0  libinit2.o(.ARM.Collect$$libinit$$0000000E)
    __rt_lib_init_return                     0x0000c1af   Thumb Code     0  libinit2.o(.ARM.Collect$$libinit$$00000033)
    __rt_lib_init_signal_1                   0x0000c1af   Thumb Code     0  libinit2.o(.ARM.Collect$$libinit$$0000001D)
    __rt_lib_init_stdio_1                    0x0000c1af   Thumb Code     0  libinit2.o(.ARM.Collect$$libinit$$00000025)
    __rt_lib_init_user_alloc_1               0x0000c1af   Thumb Code     0  libinit2.o(.ARM.Collect$$libinit$$0000000C)
    __rt_lib_shutdown                        0x0000c1b1   Thumb Code     0  libshutdown.o(.ARM.Collect$$libshutdown$$00000000)
    __rt_lib_shutdown_cpp_1                  0x0000c1b3   Thumb Code     0  libshutdown2.o(.ARM.Collect$$libshutdown$$00000004)
    __rt_lib_shutdown_fini_1                 0x0000c1b3   Thumb Code     0  libshutdown2.o(.ARM.Collect$$libshutdown$$00000002)
    __rt_lib_shutdown_fp_trap_1              0x0000c1b3   Thumb Code     0  libshutdown2.o(.ARM.Collect$$libshutdown$$00000009)
    __rt_lib_shutdown_heap_1                 0x0000c1b3   Thumb Code     0  libshutdown2.o(.ARM.Collect$$libshutdown$$00000011)
    __rt_lib_shutdown_return                 0x0000c1b3   Thumb Code     0  libshutdown2.o(.ARM.Collect$$libshutdown$$00000012)
    __rt_lib_shutdown_signal_1               0x0000c1b3   Thumb Code     0  libshutdown2.o(.ARM.Collect$$libshutdown$$0000000C)
    __rt_lib_shutdown_stdio_1                0x0000c1b3   Thumb Code     0  libshutdown2.o(.ARM.Collect$$libshutdown$$00000006)
    __rt_lib_shutdown_user_alloc_1           0x0000c1b3   Thumb Code     0  libshutdown2.o(.ARM.Collect$$libshutdown$$0000000E)
    __rt_entry                               0x0000c1b5   Thumb Code     0  __rtentry.o(.ARM.Collect$$rtentry$$00000000)
    __rt_entry_presh_1                       0x0000c1b5   Thumb Code     0  __rtentry2.o(.ARM.Collect$$rtentry$$00000002)
    __rt_entry_sh                            0x0000c1b5   Thumb Code     0  __rtentry4.o(.ARM.Collect$$rtentry$$00000004)
    __rt_entry_li                            0x0000c1bb   Thumb Code     0  __rtentry2.o(.ARM.Collect$$rtentry$$0000000A)
    __rt_entry_postsh_1                      0x0000c1bb   Thumb Code     0  __rtentry2.o(.ARM.Collect$$rtentry$$00000009)
    __rt_entry_main                          0x0000c1bf   Thumb Code     0  __rtentry2.o(.ARM.Collect$$rtentry$$0000000D)
    __rt_entry_postli_1                      0x0000c1bf   Thumb Code     0  __rtentry2.o(.ARM.Collect$$rtentry$$0000000C)
    __rt_exit                                0x0000c1c7   Thumb Code     0  rtexit.o(.ARM.Collect$$rtexit$$00000000)
    __rt_exit_ls                             0x0000c1c9   Thumb Code     0  rtexit2.o(.ARM.Collect$$rtexit$$00000003)
    __rt_exit_prels_1                        0x0000c1c9   Thumb Code     0  rtexit2.o(.ARM.Collect$$rtexit$$00000002)
    __rt_exit_exit                           0x0000c1cd   Thumb Code     0  rtexit2.o(.ARM.Collect$$rtexit$$00000004)
    HardFault_Handler                        0x0000c1d5   Thumb Code    26  am_util_faultisr.o(.emb_text)
    getStackedReg                            0x0000c1ef   Thumb Code     8  am_util_faultisr.o(.emb_text)
    am_hal_interrupt_master_enable           0x0000c1f9   Thumb Code     8  am_hal_interrupt.o(.emb_text)
    am_hal_interrupt_master_disable          0x0000c201   Thumb Code     8  am_hal_interrupt.o(.emb_text)
    am_hal_interrupt_master_set              0x0000c209   Thumb Code     6  am_hal_interrupt.o(.emb_text)
    __user_initial_stackheap                 0x0000c211   Thumb Code    10  startup_keil.o(.text)
    __aeabi_memclr4                          0x0000c229   Thumb Code     0  rt_memclr_w.o(.text)
    __aeabi_memclr8                          0x0000c229   Thumb Code     0  rt_memclr_w.o(.text)
    __rt_memclr_w                            0x0000c229   Thumb Code    78  rt_memclr_w.o(.text)
    _memset_w                                0x0000c22d   Thumb Code     0  rt_memclr_w.o(.text)
    __use_two_region_memory                  0x0000c277   Thumb Code     2  heapauxi.o(.text)
    __rt_heap_escrow$2region                 0x0000c279   Thumb Code     2  heapauxi.o(.text)
    __rt_heap_expand$2region                 0x0000c27b   Thumb Code     2  heapauxi.o(.text)
    __user_setup_stackheap                   0x0000c27d   Thumb Code    74  sys_stackheap_outer.o(.text)
    exit                                     0x0000c2c7   Thumb Code    18  exit.o(.text)
    __user_libspace                          0x0000c2d9   Thumb Code     8  libspace.o(.text)
    __user_perproc_libspace                  0x0000c2d9   Thumb Code     0  libspace.o(.text)
    __user_perthread_libspace                0x0000c2d9   Thumb Code     0  libspace.o(.text)
    _sys_exit                                0x0000c2e1   Thumb Code     8  sys_exit.o(.text)
    __I$use$semihosting                      0x0000c2ed   Thumb Code     0  use_no_semi.o(.text)
    __use_no_semihosting_swi                 0x0000c2ed   Thumb Code     2  use_no_semi.o(.text)
    __semihosting_library_function           0x0000c2ef   Thumb Code     0  indicate_semi.o(.text)
    am_bsp_low_power_init                    0x0000c2f1   Thumb Code    58  am_bsp.o(i.am_bsp_low_power_init)
    am_hal_cachectrl_config                  0x0000c335   Thumb Code    70  am_hal_cachectrl.o(i.am_hal_cachectrl_config)
    am_hal_cachectrl_control                 0x0000c381   Thumb Code   710  am_hal_cachectrl.o(i.am_hal_cachectrl_control)
    am_hal_cachectrl_enable                  0x0000c651   Thumb Code    14  am_hal_cachectrl.o(i.am_hal_cachectrl_enable)
    am_hal_clkgen_control                    0x0000c665   Thumb Code   236  am_hal_clkgen.o(i.am_hal_clkgen_control)
    am_hal_clkgen_status_get                 0x0000c761   Thumb Code    44  am_hal_clkgen.o(i.am_hal_clkgen_status_get)
    am_hal_flash_delay                       0x0000c795   Thumb Code    30  am_hal_flash.o(i.am_hal_flash_delay)
    am_hal_flash_delay_status_check          0x0000c7b9   Thumb Code    86  am_hal_flash.o(i.am_hal_flash_delay_status_check)
    am_hal_flash_load_ui32                   0x0000c815   Thumb Code     4  am_hal_flash.o(i.am_hal_flash_load_ui32)
    am_hal_flash_store_ui32                  0x0000c81d   Thumb Code    36  am_hal_flash.o(i.am_hal_flash_store_ui32)
    am_hal_gpio_pinconfig                    0x0000c845   Thumb Code   586  am_hal_gpio.o(i.am_hal_gpio_pinconfig)
    am_hal_gpio_state_write                  0x0000cac5   Thumb Code   128  am_hal_gpio.o(i.am_hal_gpio_state_write)
    am_hal_mcuctrl_info_get                  0x0000cb45   Thumb Code   278  am_hal_mcuctrl.o(i.am_hal_mcuctrl_info_get)
    am_hal_pwrctrl_low_power_init            0x0000cc7d   Thumb Code   468  am_hal_pwrctrl.o(i.am_hal_pwrctrl_low_power_init)
    am_hal_pwrctrl_periph_disable            0x0000ce69   Thumb Code   180  am_hal_pwrctrl.o(i.am_hal_pwrctrl_periph_disable)
    am_hal_pwrctrl_periph_enable             0x0000cf25   Thumb Code   104  am_hal_pwrctrl.o(i.am_hal_pwrctrl_periph_enable)
    am_hal_queue_init                        0x0000cf95   Thumb Code    22  am_hal_queue.o(i.am_hal_queue_init)
    am_hal_queue_item_add                    0x0000cfab   Thumb Code   164  am_hal_queue.o(i.am_hal_queue_item_add)
    am_hal_queue_item_get                    0x0000d04f   Thumb Code   152  am_hal_queue.o(i.am_hal_queue_item_get)
    am_hal_rtc_osc_disable                   0x0000d0e7   Thumb Code    18  am_hal_rtc.o(i.am_hal_rtc_osc_disable)
    am_hal_uart_configure                    0x0000d0f9   Thumb Code   588  am_hal_uart.o(i.am_hal_uart_configure)
    am_hal_uart_control                      0x0000d369   Thumb Code    34  am_hal_uart.o(i.am_hal_uart_control)
    am_hal_uart_initialize                   0x0000d38d   Thumb Code    76  am_hal_uart.o(i.am_hal_uart_initialize)
    am_hal_uart_interrupt_clear              0x0000d3e1   Thumb Code    44  am_hal_uart.o(i.am_hal_uart_interrupt_clear)
    am_hal_uart_interrupt_service            0x0000d411   Thumb Code   356  am_hal_uart.o(i.am_hal_uart_interrupt_service)
    am_hal_uart_interrupt_status_get         0x0000d57d   Thumb Code    56  am_hal_uart.o(i.am_hal_uart_interrupt_status_get)
    am_hal_uart_power_control                0x0000d5b9   Thumb Code   256  am_hal_uart.o(i.am_hal_uart_power_control)
    am_hal_uart_transfer                     0x0000d6bd   Thumb Code   844  am_hal_uart.o(i.am_hal_uart_transfer)
    am_uart_isr                              0x0000da11   Thumb Code    38  hello_world_uart.o(i.am_uart_isr)
    am_util_delay_ms                         0x0000da3d   Thumb Code    32  am_util_delay.o(i.am_util_delay_ms)
    am_util_faultisr_collect_data            0x0000da5d   Thumb Code   180  am_util_faultisr.o(i.am_util_faultisr_collect_data)
    am_util_stdio_printf                     0x0000db15   Thumb Code    50  am_util_stdio.o(i.am_util_stdio_printf)
    am_util_stdio_printf_init                0x0000db51   Thumb Code     6  am_util_stdio.o(i.am_util_stdio_printf_init)
    am_util_stdio_terminal_clear             0x0000db5d   Thumb Code    10  am_util_stdio.o(i.am_util_stdio_terminal_clear)
    am_util_stdio_vsprintf                   0x0000db7d   Thumb Code   932  am_util_stdio.o(i.am_util_stdio_vsprintf)
    error_handler                            0x0000e041   Thumb Code     8  hello_world_uart.o(i.error_handler)
    main                                     0x0000e1c5   Thumb Code   230  hello_world_uart.o(i.main)
    uart_print                               0x0000e4c1   Thumb Code    80  hello_world_uart.o(i.uart_print)
    __aeabi_d2f                              0x0000e721   Thumb Code     0  d2f.o(x$fpl$d2f)
    _d2f                                     0x0000e721   Thumb Code    98  d2f.o(x$fpl$d2f)
    __fpl_dnaninf                            0x0000e783   Thumb Code   156  dnaninf.o(x$fpl$dnaninf)
    _fp_init                                 0x0000e81f   Thumb Code    10  fpinit.o(x$fpl$fpinit)
    __fplib_config_fpu_vfp                   0x0000e827   Thumb Code     0  fpinit.o(x$fpl$fpinit)
    __fplib_config_pureend_doubles           0x0000e827   Thumb Code     0  fpinit.o(x$fpl$fpinit)
    __fpl_fretinf                            0x0000e829   Thumb Code    10  fretinf.o(x$fpl$fretinf)
    __I$use$fp                               0x0000e832   Number         0  usenofp.o(x$fpl$usenofp)
    g_sUartConfig                            0x0000e834   Data          40  hello_world_uart.o(.constdata)
    am_hal_cachectrl_defaults                0x0000e85c   Data           3  am_hal_cachectrl.o(.constdata)
    g_AM_HAL_GPIO_DISABLE                    0x0000e86c   Data           4  am_hal_gpio.o(.constdata)
    g_AM_HAL_GPIO_OUTPUT                     0x0000e9d0   Data           4  am_hal_gpio.o(.constdata)
    g_am_hal_mcuctrl_flash_size              0x0000e9d4   Data          64  am_hal_mcuctrl.o(.constdata)
    g_am_hal_mcuctrl_sram_size               0x0000ea14   Data          64  am_hal_mcuctrl.o(.constdata)
    g_AM_BSP_GPIO_COM_UART_TX                0x0000ea54   Data           4  am_bsp_pins.o(.constdata)
    g_AM_BSP_GPIO_COM_UART_RX                0x0000ea58   Data           4  am_bsp_pins.o(.constdata)
    am_hal_pwrctrl_peripheral_control        0x0000ea5c   Data         180  am_hal_pwrctrl.o(.constdata)
    am_hal_pwrctrl_memory_control            0x0000eb10   Data         432  am_hal_pwrctrl.o(.constdata)
    Region$$Table$$Base                      0x0000ecc0   Number         0  anon$$obj.o(Region$$Table)
    Region$$Table$$Limit                     0x0000ece0   Number         0  anon$$obj.o(Region$$Table)
    phUART                                   0x10000000   Data           4  hello_world_uart.o(.data)
    ui32LastError                            0x10000004   Data           4  hello_world_uart.o(.data)
    g_pui8RxBuffer                           0x10000008   Data           2  hello_world_uart.o(.data)
    g_pfnCharPrint                           0x1000000c   Data           4  am_util_stdio.o(.data)
    g_ui32HALflags                           0x10000014   Data           4  am_hal_global.o(.data)
    am_bsp_psLEDs                            0x10000020   Data          40  am_bsp.o(.data)
    gAmHalResetStatus                        0x10000070   Data           4  am_hal_reset.o(.data)
    g_pui8TxBuffer                           0x10001078   Data         100  hello_world_uart.o(.bss)
    __libspace_start                         0x10001dac   Data          96  libspace.o(.bss)
    __temporary_stack_top$libspace           0x10001e0c   Data           0  libspace.o(.bss)



==============================================================================

Memory Map of the image

  Image Entry point : 0x0000c135

  Load Region LR_1 (Base: 0x0000c000, Size: 0x00002d54, Max: 0xffffffff, ABSOLUTE)

    Execution Region FLASH (Exec base: 0x0000c000, Load base: 0x0000c000, Size: 0x00002ce0, Max: 0x000f4000, ABSOLUTE)

    Exec Addr    Load Addr    Size         Type   Attr      Idx    E Section Name        Object

    0x0000c000   0x0000c000   0x00000134   Code   RO          503    RESET               startup_keil.o
    0x0000c134   0x0000c134   0x00000008   Code   RO         1031  * !!!main             c_w.l(__main.o)
    0x0000c13c   0x0000c13c   0x00000034   Code   RO         1197    !!!scatter          c_w.l(__scatter.o)
    0x0000c170   0x0000c170   0x0000001a   Code   RO         1199    !!handler_copy      c_w.l(__scatter_copy.o)
    0x0000c18a   0x0000c18a   0x00000002   PAD
    0x0000c18c   0x0000c18c   0x0000001c   Code   RO         1201    !!handler_zi        c_w.l(__scatter_zi.o)
    0x0000c1a8   0x0000c1a8   0x00000002   Code   RO         1065    .ARM.Collect$$libinit$$00000000  c_w.l(libinit.o)
    0x0000c1aa   0x0000c1aa   0x00000004   Code   RO         1071    .ARM.Collect$$libinit$$00000001  c_w.l(libinit2.o)
    0x0000c1ae   0x0000c1ae   0x00000000   Code   RO         1074    .ARM.Collect$$libinit$$00000004  c_w.l(libinit2.o)
    0x0000c1ae   0x0000c1ae   0x00000000   Code   RO         1077    .ARM.Collect$$libinit$$0000000A  c_w.l(libinit2.o)
    0x0000c1ae   0x0000c1ae   0x00000000   Code   RO         1079    .ARM.Collect$$libinit$$0000000C  c_w.l(libinit2.o)
    0x0000c1ae   0x0000c1ae   0x00000000   Code   RO         1081    .ARM.Collect$$libinit$$0000000E  c_w.l(libinit2.o)
    0x0000c1ae   0x0000c1ae   0x00000000   Code   RO         1084    .ARM.Collect$$libinit$$00000011  c_w.l(libinit2.o)
    0x0000c1ae   0x0000c1ae   0x00000000   Code   RO         1086    .ARM.Collect$$libinit$$00000013  c_w.l(libinit2.o)
    0x0000c1ae   0x0000c1ae   0x00000000   Code   RO         1088    .ARM.Collect$$libinit$$00000015  c_w.l(libinit2.o)
    0x0000c1ae   0x0000c1ae   0x00000000   Code   RO         1090    .ARM.Collect$$libinit$$00000017  c_w.l(libinit2.o)
    0x0000c1ae   0x0000c1ae   0x00000000   Code   RO         1092    .ARM.Collect$$libinit$$00000019  c_w.l(libinit2.o)
    0x0000c1ae   0x0000c1ae   0x00000000   Code   RO         1094    .ARM.Collect$$libinit$$0000001B  c_w.l(libinit2.o)
    0x0000c1ae   0x0000c1ae   0x00000000   Code   RO         1096    .ARM.Collect$$libinit$$0000001D  c_w.l(libinit2.o)
    0x0000c1ae   0x0000c1ae   0x00000000   Code   RO         1098    .ARM.Collect$$libinit$$0000001F  c_w.l(libinit2.o)
    0x0000c1ae   0x0000c1ae   0x00000000   Code   RO         1100    .ARM.Collect$$libinit$$00000021  c_w.l(libinit2.o)
    0x0000c1ae   0x0000c1ae   0x00000000   Code   RO         1102    .ARM.Collect$$libinit$$00000023  c_w.l(libinit2.o)
    0x0000c1ae   0x0000c1ae   0x00000000   Code   RO         1104    .ARM.Collect$$libinit$$00000025  c_w.l(libinit2.o)
    0x0000c1ae   0x0000c1ae   0x00000000   Code   RO         1108    .ARM.Collect$$libinit$$0000002C  c_w.l(libinit2.o)
    0x0000c1ae   0x0000c1ae   0x00000000   Code   RO         1110    .ARM.Collect$$libinit$$0000002E  c_w.l(libinit2.o)
    0x0000c1ae   0x0000c1ae   0x00000000   Code   RO         1112    .ARM.Collect$$libinit$$00000030  c_w.l(libinit2.o)
    0x0000c1ae   0x0000c1ae   0x00000000   Code   RO         1114    .ARM.Collect$$libinit$$00000032  c_w.l(libinit2.o)
    0x0000c1ae   0x0000c1ae   0x00000002   Code   RO         1115    .ARM.Collect$$libinit$$00000033  c_w.l(libinit2.o)
    0x0000c1b0   0x0000c1b0   0x00000002   Code   RO         1135    .ARM.Collect$$libshutdown$$00000000  c_w.l(libshutdown.o)
    0x0000c1b2   0x0000c1b2   0x00000000   Code   RO         1148    .ARM.Collect$$libshutdown$$00000002  c_w.l(libshutdown2.o)
    0x0000c1b2   0x0000c1b2   0x00000000   Code   RO         1150    .ARM.Collect$$libshutdown$$00000004  c_w.l(libshutdown2.o)
    0x0000c1b2   0x0000c1b2   0x00000000   Code   RO         1152    .ARM.Collect$$libshutdown$$00000006  c_w.l(libshutdown2.o)
    0x0000c1b2   0x0000c1b2   0x00000000   Code   RO         1155    .ARM.Collect$$libshutdown$$00000009  c_w.l(libshutdown2.o)
    0x0000c1b2   0x0000c1b2   0x00000000   Code   RO         1158    .ARM.Collect$$libshutdown$$0000000C  c_w.l(libshutdown2.o)
    0x0000c1b2   0x0000c1b2   0x00000000   Code   RO         1160    .ARM.Collect$$libshutdown$$0000000E  c_w.l(libshutdown2.o)
    0x0000c1b2   0x0000c1b2   0x00000000   Code   RO         1163    .ARM.Collect$$libshutdown$$00000011  c_w.l(libshutdown2.o)
    0x0000c1b2   0x0000c1b2   0x00000002   Code   RO         1164    .ARM.Collect$$libshutdown$$00000012  c_w.l(libshutdown2.o)
    0x0000c1b4   0x0000c1b4   0x00000000   Code   RO         1035    .ARM.Collect$$rtentry$$00000000  c_w.l(__rtentry.o)
    0x0000c1b4   0x0000c1b4   0x00000000   Code   RO         1042    .ARM.Collect$$rtentry$$00000002  c_w.l(__rtentry2.o)
    0x0000c1b4   0x0000c1b4   0x00000006   Code   RO         1054    .ARM.Collect$$rtentry$$00000004  c_w.l(__rtentry4.o)
    0x0000c1ba   0x0000c1ba   0x00000000   Code   RO         1044    .ARM.Collect$$rtentry$$00000009  c_w.l(__rtentry2.o)
    0x0000c1ba   0x0000c1ba   0x00000004   Code   RO         1045    .ARM.Collect$$rtentry$$0000000A  c_w.l(__rtentry2.o)
    0x0000c1be   0x0000c1be   0x00000000   Code   RO         1047    .ARM.Collect$$rtentry$$0000000C  c_w.l(__rtentry2.o)
    0x0000c1be   0x0000c1be   0x00000008   Code   RO         1048    .ARM.Collect$$rtentry$$0000000D  c_w.l(__rtentry2.o)
    0x0000c1c6   0x0000c1c6   0x00000002   Code   RO         1069    .ARM.Collect$$rtexit$$00000000  c_w.l(rtexit.o)
    0x0000c1c8   0x0000c1c8   0x00000000   Code   RO         1117    .ARM.Collect$$rtexit$$00000002  c_w.l(rtexit2.o)
    0x0000c1c8   0x0000c1c8   0x00000004   Code   RO         1118    .ARM.Collect$$rtexit$$00000003  c_w.l(rtexit2.o)
    0x0000c1cc   0x0000c1cc   0x00000006   Code   RO         1119    .ARM.Collect$$rtexit$$00000004  c_w.l(rtexit2.o)
    0x0000c1d2   0x0000c1d2   0x00000002   PAD
    0x0000c1d4   0x0000c1d4   0x00000022   Code   RO          320    .emb_text           am_util_faultisr.o
    0x0000c1f6   0x0000c1f6   0x00000002   PAD
    0x0000c1f8   0x0000c1f8   0x00000016   Code   RO          685    .emb_text           libam_hal.lib(am_hal_interrupt.o)
    0x0000c20e   0x0000c20e   0x00000002   PAD
    0x0000c210   0x0000c210   0x00000018   Code   RO          504    .text               startup_keil.o
    0x0000c228   0x0000c228   0x0000004e   Code   RO         1027    .text               c_w.l(rt_memclr_w.o)
    0x0000c276   0x0000c276   0x00000006   Code   RO         1029    .text               c_w.l(heapauxi.o)
    0x0000c27c   0x0000c27c   0x0000004a   Code   RO         1056    .text               c_w.l(sys_stackheap_outer.o)
    0x0000c2c6   0x0000c2c6   0x00000012   Code   RO         1058    .text               c_w.l(exit.o)
    0x0000c2d8   0x0000c2d8   0x00000008   Code   RO         1066    .text               c_w.l(libspace.o)
    0x0000c2e0   0x0000c2e0   0x0000000c   Code   RO         1127    .text               c_w.l(sys_exit.o)
    0x0000c2ec   0x0000c2ec   0x00000002   Code   RO         1138    .text               c_w.l(use_no_semi.o)
    0x0000c2ee   0x0000c2ee   0x00000000   Code   RO         1140    .text               c_w.l(indicate_semi.o)
    0x0000c2ee   0x0000c2ee   0x00000002   PAD
    0x0000c2f0   0x0000c2f0   0x00000044   Code   RO          760    i.am_bsp_low_power_init  libam_bsp.lib(am_bsp.o)
    0x0000c334   0x0000c334   0x0000004c   Code   RO          525    i.am_hal_cachectrl_config  libam_hal.lib(am_hal_cachectrl.o)
    0x0000c380   0x0000c380   0x000002d0   Code   RO          526    i.am_hal_cachectrl_control  libam_hal.lib(am_hal_cachectrl.o)
    0x0000c650   0x0000c650   0x00000014   Code   RO          528    i.am_hal_cachectrl_enable  libam_hal.lib(am_hal_cachectrl.o)
    0x0000c664   0x0000c664   0x000000fc   Code   RO          543    i.am_hal_clkgen_control  libam_hal.lib(am_hal_clkgen.o)
    0x0000c760   0x0000c760   0x00000034   Code   RO          549    i.am_hal_clkgen_status_get  libam_hal.lib(am_hal_clkgen.o)
    0x0000c794   0x0000c794   0x00000024   Code   RO          570    i.am_hal_flash_delay  libam_hal.lib(am_hal_flash.o)
    0x0000c7b8   0x0000c7b8   0x0000005c   Code   RO          572    i.am_hal_flash_delay_status_check  libam_hal.lib(am_hal_flash.o)
    0x0000c814   0x0000c814   0x00000008   Code   RO          581    i.am_hal_flash_load_ui32  libam_hal.lib(am_hal_flash.o)
    0x0000c81c   0x0000c81c   0x00000028   Code   RO          587    i.am_hal_flash_store_ui32  libam_hal.lib(am_hal_flash.o)
    0x0000c844   0x0000c844   0x00000280   Code   RO          649    i.am_hal_gpio_pinconfig  libam_hal.lib(am_hal_gpio.o)
    0x0000cac4   0x0000cac4   0x00000080   Code   RO          651    i.am_hal_gpio_state_write  libam_hal.lib(am_hal_gpio.o)
    0x0000cb44   0x0000cb44   0x00000138   Code   RO          694    i.am_hal_mcuctrl_info_get  libam_hal.lib(am_hal_mcuctrl.o)
    0x0000cc7c   0x0000cc7c   0x000001ec   Code   RO          910    i.am_hal_pwrctrl_low_power_init  libam_hal.lib(am_hal_pwrctrl.o)
    0x0000ce68   0x0000ce68   0x000000bc   Code   RO          914    i.am_hal_pwrctrl_periph_disable  libam_hal.lib(am_hal_pwrctrl.o)
    0x0000cf24   0x0000cf24   0x00000070   Code   RO          915    i.am_hal_pwrctrl_periph_enable  libam_hal.lib(am_hal_pwrctrl.o)
    0x0000cf94   0x0000cf94   0x00000016   Code   RO          933    i.am_hal_queue_init  libam_hal.lib(am_hal_queue.o)
    0x0000cfaa   0x0000cfaa   0x000000a4   Code   RO          934    i.am_hal_queue_item_add  libam_hal.lib(am_hal_queue.o)
    0x0000d04e   0x0000d04e   0x00000098   Code   RO          935    i.am_hal_queue_item_get  libam_hal.lib(am_hal_queue.o)
    0x0000d0e6   0x0000d0e6   0x00000012   Code   RO          975    i.am_hal_rtc_osc_disable  libam_hal.lib(am_hal_rtc.o)
    0x0000d0f8   0x0000d0f8   0x00000270   Code   RO          706    i.am_hal_uart_configure  libam_hal.lib(am_hal_uart.o)
    0x0000d368   0x0000d368   0x00000022   Code   RO          707    i.am_hal_uart_control  libam_hal.lib(am_hal_uart.o)
    0x0000d38a   0x0000d38a   0x00000002   PAD
    0x0000d38c   0x0000d38c   0x00000054   Code   RO          712    i.am_hal_uart_initialize  libam_hal.lib(am_hal_uart.o)
    0x0000d3e0   0x0000d3e0   0x00000030   Code   RO          713    i.am_hal_uart_interrupt_clear  libam_hal.lib(am_hal_uart.o)
    0x0000d410   0x0000d410   0x0000016c   Code   RO          717    i.am_hal_uart_interrupt_service  libam_hal.lib(am_hal_uart.o)
    0x0000d57c   0x0000d57c   0x0000003c   Code   RO          718    i.am_hal_uart_interrupt_status_get  libam_hal.lib(am_hal_uart.o)
    0x0000d5b8   0x0000d5b8   0x00000104   Code   RO          719    i.am_hal_uart_power_control  libam_hal.lib(am_hal_uart.o)
    0x0000d6bc   0x0000d6bc   0x00000354   Code   RO          720    i.am_hal_uart_transfer  libam_hal.lib(am_hal_uart.o)
    0x0000da10   0x0000da10   0x0000002c   Code   RO            4    i.am_uart_isr       hello_world_uart.o
    0x0000da3c   0x0000da3c   0x00000020   Code   RO          275    i.am_util_delay_ms  am_util_delay.o
    0x0000da5c   0x0000da5c   0x000000b8   Code   RO          321    i.am_util_faultisr_collect_data  am_util_faultisr.o
    0x0000db14   0x0000db14   0x0000003c   Code   RO          381    i.am_util_stdio_printf  am_util_stdio.o
    0x0000db50   0x0000db50   0x0000000c   Code   RO          382    i.am_util_stdio_printf_init  am_util_stdio.o
    0x0000db5c   0x0000db5c   0x00000020   Code   RO          386    i.am_util_stdio_terminal_clear  am_util_stdio.o
    0x0000db7c   0x0000db7c   0x000003b4   Code   RO          390    i.am_util_stdio_vsprintf  am_util_stdio.o
    0x0000df30   0x0000df30   0x00000042   Code   RO          391    i.decstr_to_int     am_util_stdio.o
    0x0000df72   0x0000df72   0x000000cc   Code   RO          392    i.divu64_10         am_util_stdio.o
    0x0000e03e   0x0000e03e   0x00000002   PAD
    0x0000e040   0x0000e040   0x0000000c   Code   RO            5    i.error_handler     hello_world_uart.o
    0x0000e04c   0x0000e04c   0x00000178   Code   RO          393    i.ftoa              am_util_stdio.o
    0x0000e1c4   0x0000e1c4   0x00000108   Code   RO            6    i.main              hello_world_uart.o
    0x0000e2cc   0x0000e2cc   0x00000034   Code   RO          394    i.ndigits_in_hex    am_util_stdio.o
    0x0000e300   0x0000e300   0x00000024   Code   RO          395    i.ndigits_in_i64    am_util_stdio.o
    0x0000e324   0x0000e324   0x0000003a   Code   RO          396    i.ndigits_in_u64    am_util_stdio.o
    0x0000e35e   0x0000e35e   0x00000022   Code   RO          397    i.padbuffer         am_util_stdio.o
    0x0000e380   0x0000e380   0x00000128   Code   RO          722    i.read_nonblocking  libam_hal.lib(am_hal_uart.o)
    0x0000e4a8   0x0000e4a8   0x00000018   Code   RO          398    i.simple_strlen     am_util_stdio.o
    0x0000e4c0   0x0000e4c0   0x00000054   Code   RO            7    i.uart_print        hello_world_uart.o
    0x0000e514   0x0000e514   0x0000008a   Code   RO          399    i.uint64_to_hexstr  am_util_stdio.o
    0x0000e59e   0x0000e59e   0x00000070   Code   RO          400    i.uint64_to_str     am_util_stdio.o
    0x0000e60e   0x0000e60e   0x00000002   PAD
    0x0000e610   0x0000e610   0x00000110   Code   RO          723    i.write_nonblocking  libam_hal.lib(am_hal_uart.o)
    0x0000e720   0x0000e720   0x00000062   Code   RO         1033    x$fpl$d2f           fz_wm.l(d2f.o)
    0x0000e782   0x0000e782   0x0000009c   Code   RO         1036    x$fpl$dnaninf       fz_wm.l(dnaninf.o)
    0x0000e81e   0x0000e81e   0x0000000a   Code   RO         1125    x$fpl$fpinit        fz_wm.l(fpinit.o)
    0x0000e828   0x0000e828   0x0000000a   Code   RO         1038    x$fpl$fretinf       fz_wm.l(fretinf.o)
    0x0000e832   0x0000e832   0x00000000   Code   RO         1040    x$fpl$usenofp       fz_wm.l(usenofp.o)
    0x0000e832   0x0000e832   0x00000002   PAD
    0x0000e834   0x0000e834   0x00000028   Data   RO            9    .constdata          hello_world_uart.o
    0x0000e85c   0x0000e85c   0x00000003   Data   RO          530    .constdata          libam_hal.lib(am_hal_cachectrl.o)
    0x0000e85f   0x0000e85f   0x00000001   PAD
    0x0000e860   0x0000e860   0x0000000c   Data   RO          599    .constdata          libam_hal.lib(am_hal_flash.o)
    0x0000e86c   0x0000e86c   0x00000162   Data   RO          653    .constdata          libam_hal.lib(am_hal_gpio.o)
    0x0000e9ce   0x0000e9ce   0x00000002   PAD
    0x0000e9d0   0x0000e9d0   0x00000004   Data   RO          661    .constdata          libam_hal.lib(am_hal_gpio.o)
    0x0000e9d4   0x0000e9d4   0x00000080   Data   RO          696    .constdata          libam_hal.lib(am_hal_mcuctrl.o)
    0x0000ea54   0x0000ea54   0x00000004   Data   RO          803    .constdata          libam_bsp.lib(am_bsp_pins.o)
    0x0000ea58   0x0000ea58   0x00000004   Data   RO          804    .constdata          libam_bsp.lib(am_bsp_pins.o)
    0x0000ea5c   0x0000ea5c   0x00000264   Data   RO          917    .constdata          libam_hal.lib(am_hal_pwrctrl.o)
    0x0000ecc0   0x0000ecc0   0x00000020   Data   RO         1195    Region$$Table       anon$$obj.o


    Execution Region SRAM (Exec base: 0x10000000, Load base: 0x0000ece0, Size: 0x00001e10, Max: 0x00060000, ABSOLUTE)

    Exec Addr    Load Addr    Size         Type   Attr      Idx    E Section Name        Object

    0x10000000   0x0000ece0   0x0000000a   Data   RW           10    .data               hello_world_uart.o
    0x1000000a   0x0000ecea   0x00000002   PAD
    0x1000000c   0x0000ecec   0x00000005   Data   RW          402    .data               am_util_stdio.o
    0x10000011   0x0000ecf1   0x00000003   PAD
    0x10000014   0x0000ecf4   0x00000004   Data   RW          517    .data               libam_hal.lib(am_hal_global.o)
    0x10000018   0x0000ecf8   0x00000058   Data   RW          770    .data               libam_bsp.lib(am_bsp.o)
    0x10000070   0x0000ed50   0x00000004   Data   RW          952    .data               libam_hal.lib(am_hal_reset.o)
    0x10000074   0x0000ed54   0x00000004   PAD
    0x10000078        -       0x00001000   Zero   RW          501    STACK               startup_keil.o
    0x10001078        -       0x00000064   Zero   RW            8    .bss                hello_world_uart.o
    0x100010dc        -       0x00000400   Zero   RW          401    .bss                am_util_stdio.o
    0x100014dc        -       0x000000d0   Zero   RW          724    .bss                libam_hal.lib(am_hal_uart.o)
    0x100015ac        -       0x00000400   Zero   RW          767    .bss                libam_bsp.lib(am_bsp.o)
    0x100019ac        -       0x00000400   Zero   RW          768    .bss                libam_bsp.lib(am_bsp.o)
    0x10001dac        -       0x00000060   Zero   RW         1067    .bss                c_w.l(libspace.o)
    0x10001e0c   0x0000ed54   0x00000004   PAD
    0x10001e10        -       0x00000000   Zero   RW          502    HEAP                startup_keil.o


==============================================================================

Image component sizes


      Code (inc. data)   RO Data    RW Data    ZI Data      Debug   Object Name

        32          0          0          0          0        707   am_util_delay.o
       218          4          0          0          0       2136   am_util_faultisr.o
      2152         60          0          5       1024      13356   am_util_stdio.o
       404         48         40         10        100     497724   hello_world_uart.o
       332        274          0          0       4096       1312   startup_keil.o

    ----------------------------------------------------------------------
      3144        386         72         20       5220     515235   Object Totals
         0          0         32          0          0          0   (incl. Generated)
         6          0          0          5          0          0   (incl. Padding)

    ----------------------------------------------------------------------

      Code (inc. data)   RO Data    RW Data    ZI Data      Debug   Library Member Name

         8          0          0          0          0         68   __main.o
         0          0          0          0          0          0   __rtentry.o
        12          0          0          0          0          0   __rtentry2.o
         6          0          0          0          0          0   __rtentry4.o
        52          8          0          0          0          0   __scatter.o
        26          0          0          0          0          0   __scatter_copy.o
        28          0          0          0          0          0   __scatter_zi.o
        18          0          0          0          0         80   exit.o
         6          0          0          0          0        152   heapauxi.o
         0          0          0          0          0          0   indicate_semi.o
         2          0          0          0          0          0   libinit.o
         6          0          0          0          0          0   libinit2.o
         2          0          0          0          0          0   libshutdown.o
         2          0          0          0          0          0   libshutdown2.o
         8          4          0          0         96         68   libspace.o
        78          0          0          0          0         80   rt_memclr_w.o
         2          0          0          0          0          0   rtexit.o
        10          0          0          0          0          0   rtexit2.o
        12          4          0          0          0         68   sys_exit.o
        74          0          0          0          0         80   sys_stackheap_outer.o
         2          0          0          0          0         68   use_no_semi.o
        98          4          0          0          0        140   d2f.o
       156          4          0          0          0        140   dnaninf.o
        10          0          0          0          0        116   fpinit.o
        10          0          0          0          0        116   fretinf.o
         0          0          0          0          0          0   usenofp.o
        68         10          0         88       2048        132   am_bsp.o
         0          0          8          0          0          0   am_bsp_pins.o
       816         40          3          0          0        372   am_hal_cachectrl.o
       304         34          0          0          0        240   am_hal_clkgen.o
       176         20         12          0          0        496   am_hal_flash.o
         0          0          0          4          0          0   am_hal_global.o
       768         60        358          0          0        312   am_hal_gpio.o
        22          0          0          0          0        148   am_hal_interrupt.o
       312         34        128          0          0        116   am_hal_mcuctrl.o
       792         40        612          0          0        412   am_hal_pwrctrl.o
       338          0          0          0          0        380   am_hal_queue.o
         0          0          0          4          0          0   am_hal_reset.o
        18          0          0          0          0        116   am_hal_rtc.o
      2894         84          0          0        208       1392   am_hal_uart.o

    ----------------------------------------------------------------------
      7148        346       1124         96       2360       5292   Library Totals
        12          0          3          0          8          0   (incl. Padding)

    ----------------------------------------------------------------------

      Code (inc. data)   RO Data    RW Data    ZI Data      Debug   Library Name

       354         16          0          0         96        664   c_w.l
       274          8          0          0          0        512   fz_wm.l
        68         10          8         88       2048        132   libam_bsp.lib
      6440        312       1113          8        208       3984   libam_hal.lib

    ----------------------------------------------------------------------
      7148        346       1124         96       2360       5292   Library Totals

    ----------------------------------------------------------------------

==============================================================================


      Code (inc. data)   RO Data    RW Data    ZI Data      Debug   

     10292        732       1196        116       7580     515319   Grand Totals
     10292        732       1196        116       7580     515319   ELF Image Totals
     10292        732       1196        116          0          0   ROM Totals

==============================================================================

    Total RO  Size (Code + RO Data)                11488 (  11.22kB)
    Total RW  Size (RW Data + ZI Data)              7696 (   7.52kB)
    Total ROM Size (Code + RO Data + RW Data)      11604 (  11.33kB)

==============================================================================

